C:/Users/TerenceLeung/Documents/STM32_Prototyping/36V_Motor_Interfacing/GENEV_GO_MOTOR/Src/main.c:62:6:MOTOR_OPERATION	16	static
C:/Users/TerenceLeung/Documents/STM32_Prototyping/36V_Motor_Interfacing/GENEV_GO_MOTOR/Src/main.c:84:6:HAL_TIM_PeriodElapsedCallback	8	static
C:/Users/TerenceLeung/Documents/STM32_Prototyping/36V_Motor_Interfacing/GENEV_GO_MOTOR/Src/main.c:162:6:HAL_RxCpltCallback	0	static
C:/Users/TerenceLeung/Documents/STM32_Prototyping/36V_Motor_Interfacing/GENEV_GO_MOTOR/Src/main.c:207:6:SystemClock_Config	88	static,ignoring_inline_asm
C:/Users/TerenceLeung/Documents/STM32_Prototyping/36V_Motor_Interfacing/GENEV_GO_MOTOR/Src/main.c:178:5:main	120	static,ignoring_inline_asm
C:/Users/TerenceLeung/Documents/STM32_Prototyping/36V_Motor_Interfacing/GENEV_GO_MOTOR/Src/main.c:699:6:Error_Handler	0	static,ignoring_inline_asm
