C:/Users/TerenceLeung/Documents/STM32_Prototyping/36V_Motor_Interfacing/GENEV_GO_MOTOR/Src/stm32f4xx_hal_msp.c:65:6:HAL_MspInit	8	static
C:/Users/TerenceLeung/Documents/STM32_Prototyping/36V_Motor_Interfacing/GENEV_GO_MOTOR/Src/stm32f4xx_hal_msp.c:89:6:HAL_ADC_MspInit	56	static
C:/Users/TerenceLeung/Documents/STM32_Prototyping/36V_Motor_Interfacing/GENEV_GO_MOTOR/Src/stm32f4xx_hal_msp.c:131:6:HAL_ADC_MspDeInit	8	static
C:/Users/TerenceLeung/Documents/STM32_Prototyping/36V_Motor_Interfacing/GENEV_GO_MOTOR/Src/stm32f4xx_hal_msp.c:166:6:HAL_TIM_Base_MspInit	56	static
C:/Users/TerenceLeung/Documents/STM32_Prototyping/36V_Motor_Interfacing/GENEV_GO_MOTOR/Src/stm32f4xx_hal_msp.c:244:6:HAL_TIM_MspPostInit	48	static
C:/Users/TerenceLeung/Documents/STM32_Prototyping/36V_Motor_Interfacing/GENEV_GO_MOTOR/Src/stm32f4xx_hal_msp.c:289:6:HAL_TIM_Base_MspDeInit	8	static
C:/Users/TerenceLeung/Documents/STM32_Prototyping/36V_Motor_Interfacing/GENEV_GO_MOTOR/Src/stm32f4xx_hal_msp.c:366:6:HAL_UART_MspInit	56	static
C:/Users/TerenceLeung/Documents/STM32_Prototyping/36V_Motor_Interfacing/GENEV_GO_MOTOR/Src/stm32f4xx_hal_msp.c:429:6:HAL_UART_MspDeInit	8	static
