C:/Users/TerenceLeung/Documents/STM32_Prototyping/36V_Motor_Interfacing/GENEV_GO_MOTOR/Drivers/STM32F4xx_HAL_Driver/Src/stm32f4xx_hal_dma_ex.c:100:19:HAL_DMAEx_MultiBufferStart	8	static
C:/Users/TerenceLeung/Documents/STM32_Prototyping/36V_Motor_Interfacing/GENEV_GO_MOTOR/Drivers/STM32F4xx_HAL_Driver/Src/stm32f4xx_hal_dma_ex.c:154:19:HAL_DMAEx_MultiBufferStart_IT	12	static
C:/Users/TerenceLeung/Documents/STM32_Prototyping/36V_Motor_Interfacing/GENEV_GO_MOTOR/Drivers/STM32F4xx_HAL_Driver/Src/stm32f4xx_hal_dma_ex.c:239:19:HAL_DMAEx_ChangeMemory	0	static
