Archive member included to satisfy reference by file (symbol)

../../MCSDK_v5.4.8/MotorControl/lib\libmc-gcc_M4_NoCCMRAM.lib(revup_ctrl.o)
                              ./Application/User/user_interface.o (RUC_SetPhaseDurationms)
c:/st/stm32cubeide_1.6.1/stm32cubeide/plugins/com.st.stm32cube.ide.mcu.externaltools.gnu-tools-for-stm32.10.3-2021.10.win32_1.0.0.202111181127/tools/bin/../lib/gcc/arm-none-eabi/10.3.1/../../../../arm-none-eabi/lib/thumb/v7e-m+fp/hard\libc_nano.a(lib_a-errno.o)
                              ./Application/User/syscalls.o (__errno)
c:/st/stm32cubeide_1.6.1/stm32cubeide/plugins/com.st.stm32cube.ide.mcu.externaltools.gnu-tools-for-stm32.10.3-2021.10.win32_1.0.0.202111181127/tools/bin/../lib/gcc/arm-none-eabi/10.3.1/../../../../arm-none-eabi/lib/thumb/v7e-m+fp/hard\libc_nano.a(lib_a-exit.o)
                              c:/st/stm32cubeide_1.6.1/stm32cubeide/plugins/com.st.stm32cube.ide.mcu.externaltools.gnu-tools-for-stm32.10.3-2021.10.win32_1.0.0.202111181127/tools/bin/../lib/gcc/arm-none-eabi/10.3.1/../../../../arm-none-eabi/lib/thumb/v7e-m+fp/hard/crt0.o (exit)
c:/st/stm32cubeide_1.6.1/stm32cubeide/plugins/com.st.stm32cube.ide.mcu.externaltools.gnu-tools-for-stm32.10.3-2021.10.win32_1.0.0.202111181127/tools/bin/../lib/gcc/arm-none-eabi/10.3.1/../../../../arm-none-eabi/lib/thumb/v7e-m+fp/hard\libc_nano.a(lib_a-impure.o)
                              c:/st/stm32cubeide_1.6.1/stm32cubeide/plugins/com.st.stm32cube.ide.mcu.externaltools.gnu-tools-for-stm32.10.3-2021.10.win32_1.0.0.202111181127/tools/bin/../lib/gcc/arm-none-eabi/10.3.1/../../../../arm-none-eabi/lib/thumb/v7e-m+fp/hard\libc_nano.a(lib_a-exit.o) (_global_impure_ptr)
c:/st/stm32cubeide_1.6.1/stm32cubeide/plugins/com.st.stm32cube.ide.mcu.externaltools.gnu-tools-for-stm32.10.3-2021.10.win32_1.0.0.202111181127/tools/bin/../lib/gcc/arm-none-eabi/10.3.1/../../../../arm-none-eabi/lib/thumb/v7e-m+fp/hard\libc_nano.a(lib_a-init.o)
                              c:/st/stm32cubeide_1.6.1/stm32cubeide/plugins/com.st.stm32cube.ide.mcu.externaltools.gnu-tools-for-stm32.10.3-2021.10.win32_1.0.0.202111181127/tools/bin/../lib/gcc/arm-none-eabi/10.3.1/../../../../arm-none-eabi/lib/thumb/v7e-m+fp/hard/crt0.o (__libc_init_array)
c:/st/stm32cubeide_1.6.1/stm32cubeide/plugins/com.st.stm32cube.ide.mcu.externaltools.gnu-tools-for-stm32.10.3-2021.10.win32_1.0.0.202111181127/tools/bin/../lib/gcc/arm-none-eabi/10.3.1/../../../../arm-none-eabi/lib/thumb/v7e-m+fp/hard\libc_nano.a(lib_a-memset.o)
                              c:/st/stm32cubeide_1.6.1/stm32cubeide/plugins/com.st.stm32cube.ide.mcu.externaltools.gnu-tools-for-stm32.10.3-2021.10.win32_1.0.0.202111181127/tools/bin/../lib/gcc/arm-none-eabi/10.3.1/../../../../arm-none-eabi/lib/thumb/v7e-m+fp/hard/crt0.o (memset)
c:/st/stm32cubeide_1.6.1/stm32cubeide/plugins/com.st.stm32cube.ide.mcu.externaltools.gnu-tools-for-stm32.10.3-2021.10.win32_1.0.0.202111181127/tools/bin/../lib/gcc/arm-none-eabi/10.3.1/thumb/v7e-m+fp/hard\libgcc.a(_aeabi_ldivmod.o)
                              ./Drivers/STM32F4xx_HAL_Driver/stm32f4xx_hal_rcc.o (__aeabi_ldivmod)
c:/st/stm32cubeide_1.6.1/stm32cubeide/plugins/com.st.stm32cube.ide.mcu.externaltools.gnu-tools-for-stm32.10.3-2021.10.win32_1.0.0.202111181127/tools/bin/../lib/gcc/arm-none-eabi/10.3.1/thumb/v7e-m+fp/hard\libgcc.a(_aeabi_uldivmod.o)
                              ./Drivers/STM32F4xx_HAL_Driver/stm32f4xx_hal_rcc.o (__aeabi_uldivmod)
c:/st/stm32cubeide_1.6.1/stm32cubeide/plugins/com.st.stm32cube.ide.mcu.externaltools.gnu-tools-for-stm32.10.3-2021.10.win32_1.0.0.202111181127/tools/bin/../lib/gcc/arm-none-eabi/10.3.1/thumb/v7e-m+fp/hard\libgcc.a(_udivmoddi4.o)
                              c:/st/stm32cubeide_1.6.1/stm32cubeide/plugins/com.st.stm32cube.ide.mcu.externaltools.gnu-tools-for-stm32.10.3-2021.10.win32_1.0.0.202111181127/tools/bin/../lib/gcc/arm-none-eabi/10.3.1/thumb/v7e-m+fp/hard\libgcc.a(_aeabi_ldivmod.o) (__udivmoddi4)
c:/st/stm32cubeide_1.6.1/stm32cubeide/plugins/com.st.stm32cube.ide.mcu.externaltools.gnu-tools-for-stm32.10.3-2021.10.win32_1.0.0.202111181127/tools/bin/../lib/gcc/arm-none-eabi/10.3.1/thumb/v7e-m+fp/hard\libgcc.a(_dvmd_tls.o)
                              c:/st/stm32cubeide_1.6.1/stm32cubeide/plugins/com.st.stm32cube.ide.mcu.externaltools.gnu-tools-for-stm32.10.3-2021.10.win32_1.0.0.202111181127/tools/bin/../lib/gcc/arm-none-eabi/10.3.1/thumb/v7e-m+fp/hard\libgcc.a(_aeabi_ldivmod.o) (__aeabi_ldiv0)

Discarded input sections

 .text          0x0000000000000000        0x0 c:/st/stm32cubeide_1.6.1/stm32cubeide/plugins/com.st.stm32cube.ide.mcu.externaltools.gnu-tools-for-stm32.10.3-2021.10.win32_1.0.0.202111181127/tools/bin/../lib/gcc/arm-none-eabi/10.3.1/thumb/v7e-m+fp/hard/crti.o
 .data          0x0000000000000000        0x0 c:/st/stm32cubeide_1.6.1/stm32cubeide/plugins/com.st.stm32cube.ide.mcu.externaltools.gnu-tools-for-stm32.10.3-2021.10.win32_1.0.0.202111181127/tools/bin/../lib/gcc/arm-none-eabi/10.3.1/thumb/v7e-m+fp/hard/crti.o
[...]
Memory Configuration

Name             Origin             Length             Attributes
RAM              0x0000000020000000 0x0000000000018000 xrw
FLASH            0x0000000008000000 0x0000000000080000 xr
*default*        0x0000000000000000 0xffffffffffffffff

Linker script and memory map

LOAD c:/st/stm32cubeide_1.6.1/stm32cubeide/plugins/com.st.stm32cube.ide.mcu.externaltools.gnu-tools-for-stm32.10.3-2021.10.win32_1.0.0.202111181127/tools/bin/../lib/gcc/arm-none-eabi/10.3.1/thumb/v7e-m+fp/hard/crti.o
LOAD c:/st/stm32cubeide_1.6.1/stm32cubeide/plugins/com.st.stm32cube.ide.mcu.externaltools.gnu-tools-for-stm32.10.3-2021.10.win32_1.0.0.202111181127/tools/bin/../lib/gcc/arm-none-eabi/10.3.1/thumb/v7e-m+fp/hard/crtbegin.o
LOAD c:/st/stm32cubeide_1.6.1/stm32cubeide/plugins/com.st.stm32cube.ide.mcu.externaltools.gnu-tools-for-stm32.10.3-2021.10.win32_1.0.0.202111181127/tools/bin/../lib/gcc/arm-none-eabi/10.3.1/../../../../arm-none-eabi/lib/thumb/v7e-m+fp/hard/crt0.o
LOAD ./Application/Startup/startup_stm32f401retx.o
LOAD ./Application/User/main.o
LOAD ./Application/User/mc_api.o
LOAD ./Application/User/mc_config.o
LOAD ./Application/User/mc_interface.o
LOAD ./Application/User/mc_math.o
LOAD ./Application/User/mc_parameters.o
LOAD ./Application/User/mc_tasks.o
LOAD ./Application/User/motor_control_protocol.o
LOAD ./Application/User/motorcontrol.o
LOAD ./Application/User/regular_conversion_manager.o
LOAD ./Application/User/stm32f4xx_hal_msp.o
LOAD ./Application/User/stm32f4xx_it.o
LOAD ./Application/User/stm32f4xx_mc_it.o
LOAD ./Application/User/syscalls.o
LOAD ./Application/User/sysmem.o
LOAD ./Application/User/ui_task.o
LOAD ./Application/User/user_interface.o
LOAD ./Drivers/CMSIS/system_stm32f4xx.o
LOAD ./Drivers/STM32F4xx_HAL_Driver/stm32f4xx_hal.o
LOAD ./Drivers/STM32F4xx_HAL_Driver/stm32f4xx_hal_adc.o
LOAD ./Drivers/STM32F4xx_HAL_Driver/stm32f4xx_hal_adc_ex.o
LOAD ./Drivers/STM32F4xx_HAL_Driver/stm32f4xx_hal_cortex.o
LOAD ./Drivers/STM32F4xx_HAL_Driver/stm32f4xx_hal_dma.o
LOAD ./Drivers/STM32F4xx_HAL_Driver/stm32f4xx_hal_dma_ex.o
LOAD ./Drivers/STM32F4xx_HAL_Driver/stm32f4xx_hal_exti.o
LOAD ./Drivers/STM32F4xx_HAL_Driver/stm32f4xx_hal_flash.o
LOAD ./Drivers/STM32F4xx_HAL_Driver/stm32f4xx_hal_flash_ex.o
LOAD ./Drivers/STM32F4xx_HAL_Driver/stm32f4xx_hal_flash_ramfunc.o
LOAD ./Drivers/STM32F4xx_HAL_Driver/stm32f4xx_hal_gpio.o
LOAD ./Drivers/STM32F4xx_HAL_Driver/stm32f4xx_hal_pwr.o
LOAD ./Drivers/STM32F4xx_HAL_Driver/stm32f4xx_hal_pwr_ex.o
LOAD ./Drivers/STM32F4xx_HAL_Driver/stm32f4xx_hal_rcc.o
LOAD ./Drivers/STM32F4xx_HAL_Driver/stm32f4xx_hal_rcc_ex.o
LOAD ./Drivers/STM32F4xx_HAL_Driver/stm32f4xx_hal_tim.o
LOAD ./Drivers/STM32F4xx_HAL_Driver/stm32f4xx_hal_tim_ex.o
LOAD ./Drivers/STM32F4xx_HAL_Driver/stm32f4xx_hal_uart.o
LOAD ./Drivers/STM32F4xx_HAL_Driver/stm32f4xx_ll_adc.o
LOAD ./Middlewares/MotorControl/bus_voltage_sensor.o
LOAD ./Middlewares/MotorControl/circle_limitation.o
LOAD ./Middlewares/MotorControl/digital_output.o
LOAD ./Middlewares/MotorControl/frame_communication_protocol.o
LOAD ./Middlewares/MotorControl/hall_speed_pos_fdbk.o
LOAD ./Middlewares/MotorControl/motor_power_measurement.o
LOAD ./Middlewares/MotorControl/ntc_temperature_sensor.o
LOAD ./Middlewares/MotorControl/open_loop.o
LOAD ./Middlewares/MotorControl/pid_regulator.o
LOAD ./Middlewares/MotorControl/pqd_motor_power_measurement.o
LOAD ./Middlewares/MotorControl/pwm_common.o
LOAD ./Middlewares/MotorControl/pwm_curr_fdbk.o
LOAD ./Middlewares/MotorControl/r3_1_f4xx_pwm_curr_fdbk.o
LOAD ./Middlewares/MotorControl/r_divider_bus_voltage_sensor.o
LOAD ./Middlewares/MotorControl/ramp_ext_mngr.o
LOAD ./Middlewares/MotorControl/speed_pos_fdbk.o
LOAD ./Middlewares/MotorControl/speed_torq_ctrl.o
LOAD ./Middlewares/MotorControl/state_machine.o
LOAD ./Middlewares/MotorControl/ui_irq_handler.o
LOAD ./Middlewares/MotorControl/usart_frame_communication_protocol.o
LOAD ./Middlewares/MotorControl/virtual_speed_sensor.o
LOAD ../../MCSDK_v5.4.8/MotorControl/lib\libmc-gcc_M4_NoCCMRAM.lib
START GROUP
LOAD c:/st/stm32cubeide_1.6.1/stm32cubeide/plugins/com.st.stm32cube.ide.mcu.externaltools.gnu-tools-for-stm32.10.3-2021.10.win32_1.0.0.202111181127/tools/bin/../lib/gcc/arm-none-eabi/10.3.1/../../../../arm-none-eabi/lib/thumb/v7e-m+fp/hard\libc_nano.a
LOAD c:/st/stm32cubeide_1.6.1/stm32cubeide/plugins/com.st.stm32cube.ide.mcu.externaltools.gnu-tools-for-stm32.10.3-2021.10.win32_1.0.0.202111181127/tools/bin/../lib/gcc/arm-none-eabi/10.3.1/../../../../arm-none-eabi/lib/thumb/v7e-m+fp/hard\libm.a
END GROUP
START GROUP
LOAD c:/st/stm32cubeide_1.6.1/stm32cubeide/plugins/com.st.stm32cube.ide.mcu.externaltools.gnu-tools-for-stm32.10.3-2021.10.win32_1.0.0.202111181127/tools/bin/../lib/gcc/arm-none-eabi/10.3.1/thumb/v7e-m+fp/hard\libgcc.a
LOAD c:/st/stm32cubeide_1.6.1/stm32cubeide/plugins/com.st.stm32cube.ide.mcu.externaltools.gnu-tools-for-stm32.10.3-2021.10.win32_1.0.0.202111181127/tools/bin/../lib/gcc/arm-none-eabi/10.3.1/../../../../arm-none-eabi/lib/thumb/v7e-m+fp/hard\libc_nano.a
END GROUP
START GROUP
LOAD c:/st/stm32cubeide_1.6.1/stm32cubeide/plugins/com.st.stm32cube.ide.mcu.externaltools.gnu-tools-for-stm32.10.3-2021.10.win32_1.0.0.202111181127/tools/bin/../lib/gcc/arm-none-eabi/10.3.1/thumb/v7e-m+fp/hard\libgcc.a
LOAD c:/st/stm32cubeide_1.6.1/stm32cubeide/plugins/com.st.stm32cube.ide.mcu.externaltools.gnu-tools-for-stm32.10.3-2021.10.win32_1.0.0.202111181127/tools/bin/../lib/gcc/arm-none-eabi/10.3.1/../../../../arm-none-eabi/lib/thumb/v7e-m+fp/hard\libc_nano.a
LOAD c:/st/stm32cubeide_1.6.1/stm32cubeide/plugins/com.st.stm32cube.ide.mcu.externaltools.gnu-tools-for-stm32.10.3-2021.10.win32_1.0.0.202111181127/tools/bin/../lib/gcc/arm-none-eabi/10.3.1/../../../../arm-none-eabi/lib/thumb/v7e-m+fp/hard\libnosys.a
END GROUP
START GROUP
LOAD c:/st/stm32cubeide_1.6.1/stm32cubeide/plugins/com.st.stm32cube.ide.mcu.externaltools.gnu-tools-for-stm32.10.3-2021.10.win32_1.0.0.202111181127/tools/bin/../lib/gcc/arm-none-eabi/10.3.1/thumb/v7e-m+fp/hard\libgcc.a
LOAD c:/st/stm32cubeide_1.6.1/stm32cubeide/plugins/com.st.stm32cube.ide.mcu.externaltools.gnu-tools-for-stm32.10.3-2021.10.win32_1.0.0.202111181127/tools/bin/../lib/gcc/arm-none-eabi/10.3.1/../../../../arm-none-eabi/lib/thumb/v7e-m+fp/hard\libc_nano.a
LOAD c:/st/stm32cubeide_1.6.1/stm32cubeide/plugins/com.st.stm32cube.ide.mcu.externaltools.gnu-tools-for-stm32.10.3-2021.10.win32_1.0.0.202111181127/tools/bin/../lib/gcc/arm-none-eabi/10.3.1/../../../../arm-none-eabi/lib/thumb/v7e-m+fp/hard\libnosys.a
END GROUP
LOAD c:/st/stm32cubeide_1.6.1/stm32cubeide/plugins/com.st.stm32cube.ide.mcu.externaltools.gnu-tools-for-stm32.10.3-2021.10.win32_1.0.0.202111181127/tools/bin/../lib/gcc/arm-none-eabi/10.3.1/thumb/v7e-m+fp/hard/crtend.o
LOAD c:/st/stm32cubeide_1.6.1/stm32cubeide/plugins/com.st.stm32cube.ide.mcu.externaltools.gnu-tools-for-stm32.10.3-2021.10.win32_1.0.0.202111181127/tools/bin/../lib/gcc/arm-none-eabi/10.3.1/thumb/v7e-m+fp/hard/crtn.o
                0x0000000020018000                _estack = (ORIGIN (RAM) + LENGTH (RAM))
                0x0000000000000200                _Min_Heap_Size = 0x200
                0x0000000000000400                _Min_Stack_Size = 0x400

.isr_vector     0x0000000008000000      0x194
                0x0000000008000000                . = ALIGN (0x4)
 *(.isr_vector)
 .isr_vector    0x0000000008000000      0x194 ./Application/Startup/startup_stm32f401retx.o
                0x0000000008000000                g_pfnVectors
                0x0000000008000194                . = ALIGN (0x4)

.text           0x0000000008000198     0x6e54
                0x0000000008000198                . = ALIGN (0x4)
 *(.text)
 .text          0x0000000008000198       0x40 c:/st/stm32cubeide_1.6.1/stm32cubeide/plugins/com.st.stm32cube.ide.mcu.externaltools.gnu-tools-for-stm32.10.3-2021.10.win32_1.0.0.202111181127/tools/bin/../lib/gcc/arm-none-eabi/10.3.1/thumb/v7e-m+fp/hard/crtbegin.o
 .text          0x00000000080001d8       0x30 c:/st/stm32cubeide_1.6.1/stm32cubeide/plugins/com.st.stm32cube.ide.mcu.externaltools.gnu-tools-for-stm32.10.3-2021.10.win32_1.0.0.202111181127/tools/bin/../lib/gcc/arm-none-eabi/10.3.1/thumb/v7e-m+fp/hard\libgcc.a(_aeabi_uldivmod.o)
                0x00000000080001d8                __aeabi_uldivmod
 .text          0x0000000008000208      0x2d0 c:/st/stm32cubeide_1.6.1/stm32cubeide/plugins/com.st.stm32cube.ide.mcu.externaltools.gnu-tools-for-stm32.10.3-2021.10.win32_1.0.0.202111181127/tools/bin/../lib/gcc/arm-none-eabi/10.3.1/thumb/v7e-m+fp/hard\libgcc.a(_udivmoddi4.o)
                0x0000000008000208                __udivmoddi4
 .text          0x00000000080004d8        0x4 c:/st/stm32cubeide_1.6.1/stm32cubeide/plugins/com.st.stm32cube.ide.mcu.externaltools.gnu-tools-for-stm32.10.3-2021.10.win32_1.0.0.202111181127/tools/bin/../lib/gcc/arm-none-eabi/10.3.1/thumb/v7e-m+fp/hard\libgcc.a(_dvmd_tls.o)
                0x00000000080004d8                __aeabi_idiv0
                0x00000000080004d8                __aeabi_ldiv0
 *(.text*)
 .text.Reset_Handler
                0x00000000080004dc       0x50 ./Application/Startup/startup_stm32f401retx.o
                0x00000000080004dc                Reset_Handler
 .text.Default_Handler
                0x000000000800052c        0x2 ./Application/Startup/startup_stm32f401retx.o
                0x000000000800052c                RTC_Alarm_IRQHandler
                0x000000000800052c                EXTI2_IRQHandler
                0x000000000800052c                DebugMon_Handler
                0x000000000800052c                SPI4_IRQHandler
                0x000000000800052c                TIM1_CC_IRQHandler
                0x000000000800052c                DMA2_Stream5_IRQHandler
                0x000000000800052c                DMA1_Stream5_IRQHandler
                0x000000000800052c                PVD_IRQHandler
                0x000000000800052c                SDIO_IRQHandler
                0x000000000800052c                TAMP_STAMP_IRQHandler
                0x000000000800052c                PendSV_Handler
                0x000000000800052c                NMI_Handler
                0x000000000800052c                EXTI3_IRQHandler
                0x000000000800052c                I2C3_ER_IRQHandler
                0x000000000800052c                EXTI0_IRQHandler
                0x000000000800052c                I2C2_EV_IRQHandler
                0x000000000800052c                DMA1_Stream2_IRQHandler
                0x000000000800052c                FPU_IRQHandler
                0x000000000800052c                UsageFault_Handler
                0x000000000800052c                DMA2_Stream2_IRQHandler
                0x000000000800052c                SPI1_IRQHandler
                0x000000000800052c                DMA2_Stream3_IRQHandler
                0x000000000800052c                USART6_IRQHandler
                0x000000000800052c                DMA2_Stream0_IRQHandler
                0x000000000800052c                I2C1_EV_IRQHandler
                0x000000000800052c                DMA1_Stream6_IRQHandler
                0x000000000800052c                DMA1_Stream1_IRQHandler
                0x000000000800052c                RCC_IRQHandler
                0x000000000800052c                Default_Handler
                0x000000000800052c                EXTI15_10_IRQHandler
                0x000000000800052c                DMA1_Stream7_IRQHandler
                0x000000000800052c                TIM5_IRQHandler
                0x000000000800052c                DMA2_Stream7_IRQHandler
                0x000000000800052c                I2C3_EV_IRQHandler
                0x000000000800052c                EXTI9_5_IRQHandler
                0x000000000800052c                RTC_WKUP_IRQHandler
                0x000000000800052c                SPI2_IRQHandler
                0x000000000800052c                MemManage_Handler
                0x000000000800052c                DMA1_Stream0_IRQHandler
                0x000000000800052c                SVC_Handler
                0x000000000800052c                EXTI4_IRQHandler
                0x000000000800052c                WWDG_IRQHandler
                0x000000000800052c                OTG_FS_WKUP_IRQHandler
                0x000000000800052c                TIM1_TRG_COM_TIM11_IRQHandler
                0x000000000800052c                EXTI1_IRQHandler
                0x000000000800052c                I2C2_ER_IRQHandler
                0x000000000800052c                DMA2_Stream1_IRQHandler
                0x000000000800052c                FLASH_IRQHandler
                0x000000000800052c                DMA2_Stream4_IRQHandler
                0x000000000800052c                BusFault_Handler
                0x000000000800052c                OTG_FS_IRQHandler
                0x000000000800052c                SPI3_IRQHandler
                0x000000000800052c                DMA1_Stream4_IRQHandler
                0x000000000800052c                I2C1_ER_IRQHandler
                0x000000000800052c                DMA2_Stream6_IRQHandler
                0x000000000800052c                DMA1_Stream3_IRQHandler
 *fill*         0x000000000800052e        0x2 
 .text.HAL_TIM_PeriodElapsedCallback
                0x0000000008000530      0x188 ./Application/User/main.o
                0x0000000008000530                HAL_TIM_PeriodElapsedCallback
 .text.SystemClock_Config
                0x00000000080006b8       0xc0 ./Application/User/main.o
                0x00000000080006b8                SystemClock_Config
 .text.startup.main
                0x0000000008000778      0x4b4 ./Application/User/main.o
                0x0000000008000778                main
 .text.MC_GetMecSpeedAverageMotor1
                0x0000000008000c2c        0xc ./Application/User/mc_api.o
                0x0000000008000c2c                MC_GetMecSpeedAverageMotor1
 .text.MC_GetPhaseCurrentAmplitudeMotor1
                0x0000000008000c38        0xc ./Application/User/mc_api.o
                0x0000000008000c38                MC_GetPhaseCurrentAmplitudeMotor1
 .text.MC_GetPhaseVoltageAmplitudeMotor1
                0x0000000008000c44        0xc ./Application/User/mc_api.o
                0x0000000008000c44                MC_GetPhaseVoltageAmplitudeMotor1
 .text.MC_GetCurrentFaultsMotor1
                0x0000000008000c50        0xc ./Application/User/mc_api.o
                0x0000000008000c50                MC_GetCurrentFaultsMotor1
 .text.MCI_Init
                0x0000000008000c5c       0x1c ./Application/User/mc_interface.o
                0x0000000008000c5c                MCI_Init
 .text.MCI_ExecSpeedRamp
                0x0000000008000c78       0x14 ./Application/User/mc_interface.o
                0x0000000008000c78                MCI_ExecSpeedRamp
 .text.MCI_ExecTorqueRamp
                0x0000000008000c8c       0x14 ./Application/User/mc_interface.o
                0x0000000008000c8c                MCI_ExecTorqueRamp
 .text.MCI_SetCurrentReferences
                0x0000000008000ca0       0x14 ./Application/User/mc_interface.o
                0x0000000008000ca0                MCI_SetCurrentReferences
 .text.MCI_StartMotor
                0x0000000008000cb4       0x14 ./Application/User/mc_interface.o
                0x0000000008000cb4                MCI_StartMotor
 .text.MCI_StopMotor
                0x0000000008000cc8        0x8 ./Application/User/mc_interface.o
                0x0000000008000cc8                MCI_StopMotor
 .text.MCI_FaultAcknowledged
                0x0000000008000cd0        0x8 ./Application/User/mc_interface.o
                0x0000000008000cd0                MCI_FaultAcknowledged
 .text.MCI_EncoderAlign
                0x0000000008000cd8        0x8 ./Application/User/mc_interface.o
                0x0000000008000cd8                MCI_EncoderAlign
 .text.MCI_ExecBufferedCommands
                0x0000000008000ce0       0x78 ./Application/User/mc_interface.o
                0x0000000008000ce0                MCI_ExecBufferedCommands
 .text.MCI_GetSTMState
                0x0000000008000d58        0x8 ./Application/User/mc_interface.o
                0x0000000008000d58                MCI_GetSTMState
 .text.MCI_GetCurrentFaults
                0x0000000008000d60        0xc ./Application/User/mc_interface.o
                0x0000000008000d60                MCI_GetCurrentFaults
 .text.MCI_GetControlMode
                0x0000000008000d6c        0x4 ./Application/User/mc_interface.o
                0x0000000008000d6c                MCI_GetControlMode
 .text.MCI_GetLastRampFinalSpeed
                0x0000000008000d70       0x10 ./Application/User/mc_interface.o
                0x0000000008000d70                MCI_GetLastRampFinalSpeed
 .text.MCI_StopRamp
                0x0000000008000d80        0x8 ./Application/User/mc_interface.o
                0x0000000008000d80                MCI_StopRamp
 .text.MCI_GetAvrgMecSpeedUnit
                0x0000000008000d88       0x10 ./Application/User/mc_interface.o
                0x0000000008000d88                MCI_GetAvrgMecSpeedUnit
 .text.MCI_GetMecSpeedRefUnit
                0x0000000008000d98        0x8 ./Application/User/mc_interface.o
                0x0000000008000d98                MCI_GetMecSpeedRefUnit
 .text.MCI_GetIab
                0x0000000008000da0       0x1c ./Application/User/mc_interface.o
                0x0000000008000da0                MCI_GetIab
 .text.MCI_GetIalphabeta
                0x0000000008000dbc       0x1c ./Application/User/mc_interface.o
                0x0000000008000dbc                MCI_GetIalphabeta
 .text.MCI_GetIqd
                0x0000000008000dd8       0x1c ./Application/User/mc_interface.o
                0x0000000008000dd8                MCI_GetIqd
 .text.MCI_GetIqdref
                0x0000000008000df4       0x1c ./Application/User/mc_interface.o
                0x0000000008000df4                MCI_GetIqdref
 .text.MCI_GetVqd
                0x0000000008000e10       0x1c ./Application/User/mc_interface.o
                0x0000000008000e10                MCI_GetVqd
 .text.MCI_GetValphabeta
                0x0000000008000e2c       0x1c ./Application/User/mc_interface.o
                0x0000000008000e2c                MCI_GetValphabeta
 .text.MCI_GetTeref
                0x0000000008000e48        0x8 ./Application/User/mc_interface.o
                0x0000000008000e48                MCI_GetTeref
 .text.MCI_GetPhaseCurrentAmplitude
                0x0000000008000e50       0x28 ./Application/User/mc_interface.o
                0x0000000008000e50                MCI_GetPhaseCurrentAmplitude
 .text.MCI_GetPhaseVoltageAmplitude
                0x0000000008000e78       0x28 ./Application/User/mc_interface.o
                0x0000000008000e78                MCI_GetPhaseVoltageAmplitude
 .text.MCI_SetIdref
                0x0000000008000ea0       0x14 ./Application/User/mc_interface.o
                0x0000000008000ea0                MCI_SetIdref
 .text.MCI_Clear_Iqdref
                0x0000000008000eb4       0x14 ./Application/User/mc_interface.o
                0x0000000008000eb4                MCI_Clear_Iqdref
 .text.MCM_Clarke
                0x0000000008000ec8       0x54 ./Application/User/mc_math.o
                0x0000000008000ec8                MCM_Clarke
 .text.MCM_Trig_Functions
                0x0000000008000f1c       0x98 ./Application/User/mc_math.o
                0x0000000008000f1c                MCM_Trig_Functions
 .text.MCM_Park
                0x0000000008000fb4       0x88 ./Application/User/mc_math.o
                0x0000000008000fb4                MCM_Park
 .text.MCM_Rev_Park
                0x000000000800103c       0x40 ./Application/User/mc_math.o
                0x000000000800103c                MCM_Rev_Park
 .text.MCM_Sqrt
                0x000000000800107c       0x70 ./Application/User/mc_math.o
                0x000000000800107c                MCM_Sqrt
 .text.FOC_Clear
                0x00000000080010ec       0x74 ./Application/User/mc_tasks.o
                0x00000000080010ec                FOC_Clear
 .text.MCboot   0x0000000008001160      0x1e0 ./Application/User/mc_tasks.o
                0x0000000008001160                MCboot
 .text.FOC_InitAdditionalMethods
                0x0000000008001340        0x4 ./Application/User/mc_tasks.o
                0x0000000008001340                FOC_InitAdditionalMethods
 .text.FOC_CalcCurrRef
                0x0000000008001344       0x2c ./Application/User/mc_tasks.o
                0x0000000008001344                FOC_CalcCurrRef
 .text.TSK_SetChargeBootCapDelayM1
                0x0000000008001370        0xc ./Application/User/mc_tasks.o
                0x0000000008001370                TSK_SetChargeBootCapDelayM1
 .text.TSK_ChargeBootCapDelayHasElapsedM1
                0x000000000800137c       0x14 ./Application/User/mc_tasks.o
                0x000000000800137c                TSK_ChargeBootCapDelayHasElapsedM1
 .text.TSK_SetStopPermanencyTimeM1
                0x0000000008001390        0xc ./Application/User/mc_tasks.o
                0x0000000008001390                TSK_SetStopPermanencyTimeM1
 .text.TSK_StopPermanencyTimeHasElapsedM1
                0x000000000800139c       0x14 ./Application/User/mc_tasks.o
                0x000000000800139c                TSK_StopPermanencyTimeHasElapsedM1
 .text.TSK_MediumFrequencyTaskM1
                0x00000000080013b0      0x158 ./Application/User/mc_tasks.o
                0x00000000080013b0                TSK_MediumFrequencyTaskM1
 .text.MC_Scheduler
                0x0000000008001508       0x58 ./Application/User/mc_tasks.o
                0x0000000008001508                MC_Scheduler
 .text.TSK_HighFrequencyTask
                0x0000000008001560       0xe8 ./Application/User/mc_tasks.o
                0x0000000008001560                TSK_HighFrequencyTask
 .text.TSK_SafetyTask_PWMOFF
                0x0000000008001648       0x98 ./Application/User/mc_tasks.o
                0x0000000008001648                TSK_SafetyTask_PWMOFF
 .text.TSK_SafetyTask
                0x00000000080016e0       0x20 ./Application/User/mc_tasks.o
                0x00000000080016e0                TSK_SafetyTask
 .text.MC_RunMotorControlTasks
                0x0000000008001700       0x20 ./Application/User/mc_tasks.o
                0x0000000008001700                MC_RunMotorControlTasks
 .text.TSK_HardwareFaultTask
                0x0000000008001720       0x20 ./Application/User/mc_tasks.o
                0x0000000008001720                TSK_HardwareFaultTask
 .text.mc_lock_pins
                0x0000000008001740       0xf8 ./Application/User/mc_tasks.o
                0x0000000008001740                mc_lock_pins
 .text.MCP_ReceivedFrame
                0x0000000008001838      0x6e0 ./Application/User/motor_control_protocol.o
                0x0000000008001838                MCP_ReceivedFrame
 .text.MCP_WaitNextFrame
                0x0000000008001f18       0x1c ./Application/User/motor_control_protocol.o
                0x0000000008001f18                MCP_WaitNextFrame
 .text.MCP_Init
                0x0000000008001f34       0x40 ./Application/User/motor_control_protocol.o
                0x0000000008001f34                MCP_Init
 .text.MCP_OnTimeOut
                0x0000000008001f74        0x8 ./Application/User/motor_control_protocol.o
                0x0000000008001f74                MCP_OnTimeOut
 .text.MCP_SentFrame
                0x0000000008001f7c        0x8 ./Application/User/motor_control_protocol.o
                0x0000000008001f7c                MCP_SentFrame
 .text.MX_MotorControl_Init
                0x0000000008001f84       0x4c ./Application/User/motorcontrol.o
                0x0000000008001f84                MX_MotorControl_Init
 .text.RCM_RegisterRegConv
                0x0000000008001fd0      0x1b8 ./Application/User/regular_conversion_manager.o
                0x0000000008001fd0                RCM_RegisterRegConv
 .text.RCM_ExecRegularConv
                0x0000000008002188       0x74 ./Application/User/regular_conversion_manager.o
                0x0000000008002188                RCM_ExecRegularConv
 .text.RCM_ExecUserConv
                0x00000000080021fc       0x50 ./Application/User/regular_conversion_manager.o
                0x00000000080021fc                RCM_ExecUserConv
 .text.HAL_MspInit
                0x000000000800224c       0x3c ./Application/User/stm32f4xx_hal_msp.o
                0x000000000800224c                HAL_MspInit
 .text.HAL_ADC_MspInit
                0x0000000008002288       0x8c ./Application/User/stm32f4xx_hal_msp.o
                0x0000000008002288                HAL_ADC_MspInit
 .text.HAL_TIM_Base_MspInit
                0x0000000008002314      0x124 ./Application/User/stm32f4xx_hal_msp.o
                0x0000000008002314                HAL_TIM_Base_MspInit
 .text.HAL_TIM_MspPostInit
                0x0000000008002438       0x8c ./Application/User/stm32f4xx_hal_msp.o
                0x0000000008002438                HAL_TIM_MspPostInit
 *fill*         0x00000000080024c4        0x4 
 .text.HAL_UART_MspInit
                0x00000000080024c8       0xdc ./Application/User/stm32f4xx_hal_msp.o
                0x00000000080024c8                HAL_UART_MspInit
 .text.TIM3_IRQHandler
                0x00000000080025a4        0xc ./Application/User/stm32f4xx_it.o
                0x00000000080025a4                TIM3_IRQHandler
 .text.TIM4_IRQHandler
                0x00000000080025b0        0xc ./Application/User/stm32f4xx_it.o
                0x00000000080025b0                TIM4_IRQHandler
 .text.USART1_IRQHandler
                0x00000000080025bc        0xc ./Application/User/stm32f4xx_it.o
                0x00000000080025bc                USART1_IRQHandler
 .text.ADC_IRQHandler
                0x00000000080025c8       0x1c ./Application/User/stm32f4xx_mc_it.o
                0x00000000080025c8                ADC_IRQHandler
 .text.TIM1_UP_TIM10_IRQHandler
                0x00000000080025e4       0x14 ./Application/User/stm32f4xx_mc_it.o
                0x00000000080025e4                TIM1_UP_TIM10_IRQHandler
 .text.TIM1_BRK_TIM9_IRQHandler
                0x00000000080025f8       0x24 ./Application/User/stm32f4xx_mc_it.o
                0x00000000080025f8                TIM1_BRK_TIM9_IRQHandler
 .text.TIM2_IRQHandler
                0x000000000800261c       0x38 ./Application/User/stm32f4xx_mc_it.o
                0x000000000800261c                TIM2_IRQHandler
 .text.USART2_IRQHandler
                0x0000000008002654       0x84 ./Application/User/stm32f4xx_mc_it.o
                0x0000000008002654                USART2_IRQHandler
 .text.HardFault_Handler
                0x00000000080026d8       0x7c ./Application/User/stm32f4xx_mc_it.o
                0x00000000080026d8                HardFault_Handler
 .text.SysTick_Handler
                0x0000000008002754       0x30 ./Application/User/stm32f4xx_mc_it.o
                0x0000000008002754                SysTick_Handler
 .text.UI_TaskInit
                0x0000000008002784       0x84 ./Application/User/ui_task.o
                0x0000000008002784                UI_TaskInit
 .text.UI_Scheduler
                0x0000000008002808       0x44 ./Application/User/ui_task.o
                0x0000000008002808                UI_Scheduler
 .text.UI_SerialCommunicationTimeOutStop
                0x000000000800284c        0xc ./Application/User/ui_task.o
                0x000000000800284c                UI_SerialCommunicationTimeOutStop
 .text.UI_SerialCommunicationTimeOutStart
                0x0000000008002858        0xc ./Application/User/ui_task.o
                0x0000000008002858                UI_SerialCommunicationTimeOutStart
 .text.UI_Init  0x0000000008002864       0x10 ./Application/User/user_interface.o
                0x0000000008002864                UI_Init
 .text.UI_SelectMC
                0x0000000008002874       0x10 ./Application/User/user_interface.o
                0x0000000008002874                UI_SelectMC
 .text.UI_GetSelectedMC
                0x0000000008002884        0x4 ./Application/User/user_interface.o
                0x0000000008002884                UI_GetSelectedMC
 .text.UI_SetReg
                0x0000000008002888      0x180 ./Application/User/user_interface.o
                0x0000000008002888                UI_SetReg
 .text.UI_GetReg
                0x0000000008002a08      0x408 ./Application/User/user_interface.o
                0x0000000008002a08                UI_GetReg
 .text.UI_ExecCmd
                0x0000000008002e10       0x78 ./Application/User/user_interface.o
                0x0000000008002e10                UI_ExecCmd
 .text.UI_ExecSpeedRamp
                0x0000000008002e88       0x24 ./Application/User/user_interface.o
                0x0000000008002e88                UI_ExecSpeedRamp
 .text.UI_ExecTorqueRamp
                0x0000000008002eac       0x14 ./Application/User/user_interface.o
                0x0000000008002eac                UI_ExecTorqueRamp
 .text.UI_GetRevupData
                0x0000000008002ec0       0x3c ./Application/User/user_interface.o
                0x0000000008002ec0                UI_GetRevupData
 .text.UI_SetRevupData
                0x0000000008002efc       0x38 ./Application/User/user_interface.o
                0x0000000008002efc                UI_SetRevupData
 .text.UI_SetCurrentReferences
                0x0000000008002f34       0x1c ./Application/User/user_interface.o
                0x0000000008002f34                UI_SetCurrentReferences
 .text.UI_GetMPInfo
                0x0000000008002f50        0x4 ./Application/User/user_interface.o
                0x0000000008002f50                UI_GetMPInfo
 .text.SystemInit
                0x0000000008002f54       0x14 ./Drivers/CMSIS/system_stm32f4xx.o
                0x0000000008002f54                SystemInit
 .text.HAL_InitTick
                0x0000000008002f68       0x48 ./Drivers/STM32F4xx_HAL_Driver/stm32f4xx_hal.o
                0x0000000008002f68                HAL_InitTick
 .text.HAL_Init
                0x0000000008002fb0       0x34 ./Drivers/STM32F4xx_HAL_Driver/stm32f4xx_hal.o
                0x0000000008002fb0                HAL_Init
 .text.HAL_IncTick
                0x0000000008002fe4       0x18 ./Drivers/STM32F4xx_HAL_Driver/stm32f4xx_hal.o
                0x0000000008002fe4                HAL_IncTick
 .text.HAL_GetTick
                0x0000000008002ffc        0xc ./Drivers/STM32F4xx_HAL_Driver/stm32f4xx_hal.o
                0x0000000008002ffc                HAL_GetTick
 .text.HAL_ADC_Init
                0x0000000008003008      0x15c ./Drivers/STM32F4xx_HAL_Driver/stm32f4xx_hal_adc.o
                0x0000000008003008                HAL_ADC_Init
 .text.HAL_ADC_ConfigChannel
                0x0000000008003164      0x15c ./Drivers/STM32F4xx_HAL_Driver/stm32f4xx_hal_adc.o
                0x0000000008003164                HAL_ADC_ConfigChannel
 .text.HAL_ADCEx_InjectedConfigChannel
                0x00000000080032c0      0x1b0 ./Drivers/STM32F4xx_HAL_Driver/stm32f4xx_hal_adc_ex.o
                0x00000000080032c0                HAL_ADCEx_InjectedConfigChannel
 .text.HAL_NVIC_SetPriorityGrouping
                0x0000000008003470       0x24 ./Drivers/STM32F4xx_HAL_Driver/stm32f4xx_hal_cortex.o
                0x0000000008003470                HAL_NVIC_SetPriorityGrouping
 .text.HAL_NVIC_SetPriority
                0x0000000008003494       0x7c ./Drivers/STM32F4xx_HAL_Driver/stm32f4xx_hal_cortex.o
                0x0000000008003494                HAL_NVIC_SetPriority
 .text.HAL_NVIC_EnableIRQ
                0x0000000008003510       0x1c ./Drivers/STM32F4xx_HAL_Driver/stm32f4xx_hal_cortex.o
                0x0000000008003510                HAL_NVIC_EnableIRQ
 .text.HAL_SYSTICK_Config
                0x000000000800352c       0x34 ./Drivers/STM32F4xx_HAL_Driver/stm32f4xx_hal_cortex.o
                0x000000000800352c                HAL_SYSTICK_Config
 .text.HAL_SYSTICK_Callback
                0x0000000008003560        0x4 ./Drivers/STM32F4xx_HAL_Driver/stm32f4xx_hal_cortex.o
                0x0000000008003560                HAL_SYSTICK_Callback
 .text.HAL_SYSTICK_IRQHandler
                0x0000000008003564        0x8 ./Drivers/STM32F4xx_HAL_Driver/stm32f4xx_hal_cortex.o
                0x0000000008003564                HAL_SYSTICK_IRQHandler
 .text.HAL_DMA_Abort
                0x000000000800356c       0x90 ./Drivers/STM32F4xx_HAL_Driver/stm32f4xx_hal_dma.o
                0x000000000800356c                HAL_DMA_Abort
 .text.HAL_DMA_Abort_IT
                0x00000000080035fc       0x24 ./Drivers/STM32F4xx_HAL_Driver/stm32f4xx_hal_dma.o
                0x00000000080035fc                HAL_DMA_Abort_IT
 .text.HAL_GPIO_Init
                0x0000000008003620      0x1e4 ./Drivers/STM32F4xx_HAL_Driver/stm32f4xx_hal_gpio.o
                0x0000000008003620                HAL_GPIO_Init
 .text.HAL_GPIO_WritePin
                0x0000000008003804        0x8 ./Drivers/STM32F4xx_HAL_Driver/stm32f4xx_hal_gpio.o
                0x0000000008003804                HAL_GPIO_WritePin
 .text.HAL_GPIO_TogglePin
                0x000000000800380c       0x14 ./Drivers/STM32F4xx_HAL_Driver/stm32f4xx_hal_gpio.o
                0x000000000800380c                HAL_GPIO_TogglePin
 .text.HAL_RCC_OscConfig
                0x0000000008003820      0x3c8 ./Drivers/STM32F4xx_HAL_Driver/stm32f4xx_hal_rcc.o
                0x0000000008003820                HAL_RCC_OscConfig
 .text.HAL_RCC_EnableCSS
                0x0000000008003be8        0xc ./Drivers/STM32F4xx_HAL_Driver/stm32f4xx_hal_rcc.o
                0x0000000008003be8                HAL_RCC_EnableCSS
 .text.HAL_RCC_GetSysClockFreq
                0x0000000008003bf4       0x4c ./Drivers/STM32F4xx_HAL_Driver/stm32f4xx_hal_rcc.o
                0x0000000008003bf4                HAL_RCC_GetSysClockFreq
 .text.HAL_RCC_ClockConfig
                0x0000000008003c40      0x13c ./Drivers/STM32F4xx_HAL_Driver/stm32f4xx_hal_rcc.o
                0x0000000008003c40                HAL_RCC_ClockConfig
 .text.HAL_RCC_GetHCLKFreq
                0x0000000008003d7c        0xc ./Drivers/STM32F4xx_HAL_Driver/stm32f4xx_hal_rcc.o
                0x0000000008003d7c                HAL_RCC_GetHCLKFreq
 .text.HAL_RCC_GetPCLK1Freq
                0x0000000008003d88       0x20 ./Drivers/STM32F4xx_HAL_Driver/stm32f4xx_hal_rcc.o
                0x0000000008003d88                HAL_RCC_GetPCLK1Freq
 .text.HAL_RCC_GetPCLK2Freq
                0x0000000008003da8       0x20 ./Drivers/STM32F4xx_HAL_Driver/stm32f4xx_hal_rcc.o
                0x0000000008003da8                HAL_RCC_GetPCLK2Freq
 .text.HAL_TIM_Base_Init
                0x0000000008003dc8       0xfc ./Drivers/STM32F4xx_HAL_Driver/stm32f4xx_hal_tim.o
                0x0000000008003dc8                HAL_TIM_Base_Init
 .text.HAL_TIM_Base_Start_IT
                0x0000000008003ec4       0x68 ./Drivers/STM32F4xx_HAL_Driver/stm32f4xx_hal_tim.o
                0x0000000008003ec4                HAL_TIM_Base_Start_IT
 .text.HAL_TIM_PWM_MspInit
                0x0000000008003f2c        0x4 ./Drivers/STM32F4xx_HAL_Driver/stm32f4xx_hal_tim.o
                0x0000000008003f2c                HAL_TIM_PWM_MspInit
 .text.HAL_TIM_PWM_Init
                0x0000000008003f30       0xfc ./Drivers/STM32F4xx_HAL_Driver/stm32f4xx_hal_tim.o
                0x0000000008003f30                HAL_TIM_PWM_Init
 .text.HAL_TIM_PWM_ConfigChannel
                0x000000000800402c      0x20c ./Drivers/STM32F4xx_HAL_Driver/stm32f4xx_hal_tim.o
                0x000000000800402c                HAL_TIM_PWM_ConfigChannel
 .text.HAL_TIM_ConfigClockSource
                0x0000000008004238      0x160 ./Drivers/STM32F4xx_HAL_Driver/stm32f4xx_hal_tim.o
                0x0000000008004238                HAL_TIM_ConfigClockSource
 .text.HAL_TIM_SlaveConfigSynchro
                0x0000000008004398      0x118 ./Drivers/STM32F4xx_HAL_Driver/stm32f4xx_hal_tim.o
                0x0000000008004398                HAL_TIM_SlaveConfigSynchro
 .text.HAL_TIM_OC_DelayElapsedCallback
                0x00000000080044b0        0x4 ./Drivers/STM32F4xx_HAL_Driver/stm32f4xx_hal_tim.o
                0x00000000080044b0                HAL_TIM_OC_DelayElapsedCallback
 .text.HAL_TIM_IC_CaptureCallback
                0x00000000080044b4        0x4 ./Drivers/STM32F4xx_HAL_Driver/stm32f4xx_hal_tim.o
                0x00000000080044b4                HAL_TIM_IC_CaptureCallback
 .text.HAL_TIM_PWM_PulseFinishedCallback
                0x00000000080044b8        0x4 ./Drivers/STM32F4xx_HAL_Driver/stm32f4xx_hal_tim.o
                0x00000000080044b8                HAL_TIM_PWM_PulseFinishedCallback
 .text.HAL_TIM_TriggerCallback
                0x00000000080044bc        0x4 ./Drivers/STM32F4xx_HAL_Driver/stm32f4xx_hal_tim.o
                0x00000000080044bc                HAL_TIM_TriggerCallback
 .text.HAL_TIM_IRQHandler
                0x00000000080044c0      0x154 ./Drivers/STM32F4xx_HAL_Driver/stm32f4xx_hal_tim.o
                0x00000000080044c0                HAL_TIM_IRQHandler
 .text.TIM_Base_SetConfig
                0x0000000008004614       0xb0 ./Drivers/STM32F4xx_HAL_Driver/stm32f4xx_hal_tim.o
                0x0000000008004614                TIM_Base_SetConfig
 .text.TIM_OC2_SetConfig
                0x00000000080046c4       0x5c ./Drivers/STM32F4xx_HAL_Driver/stm32f4xx_hal_tim.o
                0x00000000080046c4                TIM_OC2_SetConfig
 .text.TIM_TI1_SetConfig
                0x0000000008004720       0x68 ./Drivers/STM32F4xx_HAL_Driver/stm32f4xx_hal_tim.o
                0x0000000008004720                TIM_TI1_SetConfig
 .text.HAL_TIMEx_HallSensor_MspInit
                0x0000000008004788        0x4 ./Drivers/STM32F4xx_HAL_Driver/stm32f4xx_hal_tim_ex.o
                0x0000000008004788                HAL_TIMEx_HallSensor_MspInit
 .text.HAL_TIMEx_HallSensor_Init
                0x000000000800478c       0xc8 ./Drivers/STM32F4xx_HAL_Driver/stm32f4xx_hal_tim_ex.o
                0x000000000800478c                HAL_TIMEx_HallSensor_Init
 .text.HAL_TIMEx_MasterConfigSynchronization
                0x0000000008004854       0x70 ./Drivers/STM32F4xx_HAL_Driver/stm32f4xx_hal_tim_ex.o
                0x0000000008004854                HAL_TIMEx_MasterConfigSynchronization
 .text.HAL_TIMEx_ConfigBreakDeadTime
                0x00000000080048c4       0x54 ./Drivers/STM32F4xx_HAL_Driver/stm32f4xx_hal_tim_ex.o
                0x00000000080048c4                HAL_TIMEx_ConfigBreakDeadTime
 .text.HAL_TIMEx_CommutCallback
                0x0000000008004918        0x4 ./Drivers/STM32F4xx_HAL_Driver/stm32f4xx_hal_tim_ex.o
                0x0000000008004918                HAL_TIMEx_CommutCallback
 .text.HAL_TIMEx_BreakCallback
                0x000000000800491c        0x4 ./Drivers/STM32F4xx_HAL_Driver/stm32f4xx_hal_tim_ex.o
                0x000000000800491c                HAL_TIMEx_BreakCallback
 .text.HAL_UART_Init
                0x0000000008004920      0x134 ./Drivers/STM32F4xx_HAL_Driver/stm32f4xx_hal_uart.o
                0x0000000008004920                HAL_UART_Init
 .text.HAL_UART_Transmit
                0x0000000008004a54      0x15c ./Drivers/STM32F4xx_HAL_Driver/stm32f4xx_hal_uart.o
                0x0000000008004a54                HAL_UART_Transmit
 .text.HAL_UART_Receive_IT
                0x0000000008004bb0       0x58 ./Drivers/STM32F4xx_HAL_Driver/stm32f4xx_hal_uart.o
                0x0000000008004bb0                HAL_UART_Receive_IT
 .text.HAL_UART_TxCpltCallback
                0x0000000008004c08        0x4 ./Drivers/STM32F4xx_HAL_Driver/stm32f4xx_hal_uart.o
                0x0000000008004c08                HAL_UART_TxCpltCallback
 .text.HAL_UART_RxCpltCallback
                0x0000000008004c0c        0x4 ./Drivers/STM32F4xx_HAL_Driver/stm32f4xx_hal_uart.o
                0x0000000008004c0c                HAL_UART_RxCpltCallback
 .text.HAL_UART_ErrorCallback
                0x0000000008004c10        0x4 ./Drivers/STM32F4xx_HAL_Driver/stm32f4xx_hal_uart.o
                0x0000000008004c10                HAL_UART_ErrorCallback
 .text.UART_DMAAbortOnError
                0x0000000008004c14       0x10 ./Drivers/STM32F4xx_HAL_Driver/stm32f4xx_hal_uart.o
 .text.HAL_UARTEx_RxEventCallback
                0x0000000008004c24        0x4 ./Drivers/STM32F4xx_HAL_Driver/stm32f4xx_hal_uart.o
                0x0000000008004c24                HAL_UARTEx_RxEventCallback
 .text.UART_Receive_IT.part.0.isra.0
                0x0000000008004c28       0xcc ./Drivers/STM32F4xx_HAL_Driver/stm32f4xx_hal_uart.o
 .text.HAL_UART_IRQHandler
                0x0000000008004cf4      0x314 ./Drivers/STM32F4xx_HAL_Driver/stm32f4xx_hal_uart.o
                0x0000000008004cf4                HAL_UART_IRQHandler
 .text.VBS_GetAvBusVoltage_V
                0x0000000008005008        0xc ./Middlewares/MotorControl/bus_voltage_sensor.o
                0x0000000008005008                VBS_GetAvBusVoltage_V
 .text.Circle_Limitation
                0x0000000008005014       0x60 ./Middlewares/MotorControl/circle_limitation.o
                0x0000000008005014                Circle_Limitation
 .text.FCP_Init
                0x0000000008005074       0x18 ./Middlewares/MotorControl/frame_communication_protocol.o
                0x0000000008005074                FCP_Init
 .text.FCP_SetClient
                0x000000000800508c       0x10 ./Middlewares/MotorControl/frame_communication_protocol.o
                0x000000000800508c                FCP_SetClient
 .text.FCP_CalcCRC
                0x000000000800509c       0x2c ./Middlewares/MotorControl/frame_communication_protocol.o
                0x000000000800509c                FCP_CalcCRC
 .text.HALL_Init
                0x00000000080050c8      0x11c ./Middlewares/MotorControl/hall_speed_pos_fdbk.o
                0x00000000080050c8                HALL_Init
 .text.HALL_Clear
                0x00000000080051e4      0x154 ./Middlewares/MotorControl/hall_speed_pos_fdbk.o
                0x00000000080051e4                HALL_Clear
 .text.HALL_CalcElAngle
                0x0000000008005338       0x3c ./Middlewares/MotorControl/hall_speed_pos_fdbk.o
                0x0000000008005338                HALL_CalcElAngle
 .text.HALL_CalcAvrgMecSpeedUnit
                0x0000000008005374       0x94 ./Middlewares/MotorControl/hall_speed_pos_fdbk.o
                0x0000000008005374                HALL_CalcAvrgMecSpeedUnit
 .text.HALL_TIMx_CC_IRQHandler
                0x0000000008005408      0x34c ./Middlewares/MotorControl/hall_speed_pos_fdbk.o
                0x0000000008005408                HALL_TIMx_CC_IRQHandler
 .text.HALL_TIMx_UP_IRQHandler
                0x0000000008005754      0x174 ./Middlewares/MotorControl/hall_speed_pos_fdbk.o
                0x0000000008005754                HALL_TIMx_UP_IRQHandler
 .text.MPM_Clear
                0x00000000080058c8       0x18 ./Middlewares/MotorControl/motor_power_measurement.o
                0x00000000080058c8                MPM_Clear
 .text.MPM_CalcElMotorPower
                0x00000000080058e0       0x40 ./Middlewares/MotorControl/motor_power_measurement.o
                0x00000000080058e0                MPM_CalcElMotorPower
 .text.MPM_GetAvrgElMotorPowerW
                0x0000000008005920        0x8 ./Middlewares/MotorControl/motor_power_measurement.o
                0x0000000008005920                MPM_GetAvrgElMotorPowerW
 .text.NTC_SetFaultState
                0x0000000008005928       0x1c ./Middlewares/MotorControl/ntc_temperature_sensor.o
                0x0000000008005928                NTC_SetFaultState
 .text.NTC_Clear
                0x0000000008005944        0x8 ./Middlewares/MotorControl/ntc_temperature_sensor.o
                0x0000000008005944                NTC_Clear
 .text.NTC_Init
                0x000000000800594c       0x24 ./Middlewares/MotorControl/ntc_temperature_sensor.o
                0x000000000800594c                NTC_Init
 .text.NTC_CalcAvTemp
                0x0000000008005970       0x38 ./Middlewares/MotorControl/ntc_temperature_sensor.o
                0x0000000008005970                NTC_CalcAvTemp
 .text.NTC_GetAvTemp_C
                0x00000000080059a8       0x2c ./Middlewares/MotorControl/ntc_temperature_sensor.o
                0x00000000080059a8                NTC_GetAvTemp_C
 .text.PID_HandleInit
                0x00000000080059d4       0x10 ./Middlewares/MotorControl/pid_regulator.o
                0x00000000080059d4                PID_HandleInit
 .text.PID_SetKP
                0x00000000080059e4        0x4 ./Middlewares/MotorControl/pid_regulator.o
                0x00000000080059e4                PID_SetKP
 .text.PID_SetKI
                0x00000000080059e8        0x4 ./Middlewares/MotorControl/pid_regulator.o
                0x00000000080059e8                PID_SetKI
 .text.PID_GetKP
                0x00000000080059ec        0x8 ./Middlewares/MotorControl/pid_regulator.o
                0x00000000080059ec                PID_GetKP
 .text.PID_GetKI
                0x00000000080059f4        0x8 ./Middlewares/MotorControl/pid_regulator.o
                0x00000000080059f4                PID_GetKI
 .text.PID_SetIntegralTerm
                0x00000000080059fc        0x4 ./Middlewares/MotorControl/pid_regulator.o
                0x00000000080059fc                PID_SetIntegralTerm
 .text.PID_GetKPDivisor
                0x0000000008005a00        0x4 ./Middlewares/MotorControl/pid_regulator.o
                0x0000000008005a00                PID_GetKPDivisor
 .text.PID_GetKIDivisor
                0x0000000008005a04        0x4 ./Middlewares/MotorControl/pid_regulator.o
                0x0000000008005a04                PID_GetKIDivisor
 .text.PID_SetKD
                0x0000000008005a08        0x4 ./Middlewares/MotorControl/pid_regulator.o
                0x0000000008005a08                PID_SetKD
 .text.PID_GetKD
                0x0000000008005a0c        0x8 ./Middlewares/MotorControl/pid_regulator.o
                0x0000000008005a0c                PID_GetKD
 .text.PI_Controller
                0x0000000008005a14       0x8c ./Middlewares/MotorControl/pid_regulator.o
                0x0000000008005a14                PI_Controller
 .text.PQD_CalcElMotorPower
                0x0000000008005aa0       0x6c ./Middlewares/MotorControl/pqd_motor_power_measurement.o
                0x0000000008005aa0                PQD_CalcElMotorPower
 .text.startTimers
                0x0000000008005b0c       0x64 ./Middlewares/MotorControl/pwm_common.o
                0x0000000008005b0c                startTimers
 .text.waitForPolarizationEnd
                0x0000000008005b70       0x50 ./Middlewares/MotorControl/pwm_common.o
                0x0000000008005b70                waitForPolarizationEnd
 .text.PWMC_GetPhaseCurrents
                0x0000000008005bc0        0x4 ./Middlewares/MotorControl/pwm_curr_fdbk.o
                0x0000000008005bc0                PWMC_GetPhaseCurrents
 .text.PWMC_SetPhaseVoltage
                0x0000000008005bc4      0x26c ./Middlewares/MotorControl/pwm_curr_fdbk.o
                0x0000000008005bc4                PWMC_SetPhaseVoltage
 .text.PWMC_SwitchOffPWM
                0x0000000008005e30        0x4 ./Middlewares/MotorControl/pwm_curr_fdbk.o
                0x0000000008005e30                PWMC_SwitchOffPWM
 .text.PWMC_CurrentReadingCalibr
                0x0000000008005e34       0x54 ./Middlewares/MotorControl/pwm_curr_fdbk.o
                0x0000000008005e34                PWMC_CurrentReadingCalibr
 .text.PWMC_CheckOverCurrent
                0x0000000008005e88        0x4 ./Middlewares/MotorControl/pwm_curr_fdbk.o
                0x0000000008005e88                PWMC_CheckOverCurrent
 .text.R3_1_GetPhaseCurrents
                0x0000000008005e8c      0x190 ./Middlewares/MotorControl/r3_1_f4xx_pwm_curr_fdbk.o
                0x0000000008005e8c                R3_1_GetPhaseCurrents
 .text.R3_1_HFCurrentsCalibrationAB
                0x000000000800601c       0x48 ./Middlewares/MotorControl/r3_1_f4xx_pwm_curr_fdbk.o
                0x000000000800601c                R3_1_HFCurrentsCalibrationAB
 .text.R3_1_HFCurrentsCalibrationC
                0x0000000008006064       0x40 ./Middlewares/MotorControl/r3_1_f4xx_pwm_curr_fdbk.o
                0x0000000008006064                R3_1_HFCurrentsCalibrationC
 .text.R3_1_TurnOnLowSides
                0x00000000080060a4       0x54 ./Middlewares/MotorControl/r3_1_f4xx_pwm_curr_fdbk.o
                0x00000000080060a4                R3_1_TurnOnLowSides
 .text.R3_1_SwitchOnPWM
                0x00000000080060f8       0x94 ./Middlewares/MotorControl/r3_1_f4xx_pwm_curr_fdbk.o
                0x00000000080060f8                R3_1_SwitchOnPWM
 .text.R3_1_SwitchOffPWM
                0x000000000800618c       0x70 ./Middlewares/MotorControl/r3_1_f4xx_pwm_curr_fdbk.o
                0x000000000800618c                R3_1_SwitchOffPWM
 .text.R3_1_RLGetPhaseCurrents
                0x00000000080061fc       0x54 ./Middlewares/MotorControl/r3_1_f4xx_pwm_curr_fdbk.o
                0x00000000080061fc                R3_1_RLGetPhaseCurrents
 .text.R3_1_RLTurnOnLowSides
                0x0000000008006250       0x48 ./Middlewares/MotorControl/r3_1_f4xx_pwm_curr_fdbk.o
                0x0000000008006250                R3_1_RLTurnOnLowSides
 .text.R3_1_RLSwitchOnPWM
                0x0000000008006298       0xa4 ./Middlewares/MotorControl/r3_1_f4xx_pwm_curr_fdbk.o
                0x0000000008006298                R3_1_RLSwitchOnPWM
 .text.R3_1_Init
                0x000000000800633c       0xa0 ./Middlewares/MotorControl/r3_1_f4xx_pwm_curr_fdbk.o
                0x000000000800633c                R3_1_Init
 .text.R3_1_CurrentReadingCalibration
                0x00000000080063dc      0x104 ./Middlewares/MotorControl/r3_1_f4xx_pwm_curr_fdbk.o
                0x00000000080063dc                R3_1_CurrentReadingCalibration
 .text.R3_1_WriteTIMRegisters
                0x00000000080064e0       0x2c ./Middlewares/MotorControl/r3_1_f4xx_pwm_curr_fdbk.o
                0x00000000080064e0                R3_1_WriteTIMRegisters
 .text.R3_1_SetADCSampPointCalibration
                0x000000000800650c       0x20 ./Middlewares/MotorControl/r3_1_f4xx_pwm_curr_fdbk.o
                0x000000000800650c                R3_1_SetADCSampPointCalibration
 .text.R3_1_SetADCSampPointSectX
                0x000000000800652c       0x68 ./Middlewares/MotorControl/r3_1_f4xx_pwm_curr_fdbk.o
                0x000000000800652c                R3_1_SetADCSampPointSectX
 .text.R3_1_TIMx_UP_IRQHandler
                0x0000000008006594       0x3c ./Middlewares/MotorControl/r3_1_f4xx_pwm_curr_fdbk.o
                0x0000000008006594                R3_1_TIMx_UP_IRQHandler
 .text.R3_1_BRK_IRQHandler
                0x00000000080065d0       0x40 ./Middlewares/MotorControl/r3_1_f4xx_pwm_curr_fdbk.o
                0x00000000080065d0                R3_1_BRK_IRQHandler
 .text.R3_1_IsOverCurrentOccurred
                0x0000000008006610       0x14 ./Middlewares/MotorControl/r3_1_f4xx_pwm_curr_fdbk.o
                0x0000000008006610                R3_1_IsOverCurrentOccurred
 .text.R3_1_RLDetectionModeEnable
                0x0000000008006624       0xbc ./Middlewares/MotorControl/r3_1_f4xx_pwm_curr_fdbk.o
                0x0000000008006624                R3_1_RLDetectionModeEnable
 .text.R3_1_RLDetectionModeDisable
                0x00000000080066e0      0x144 ./Middlewares/MotorControl/r3_1_f4xx_pwm_curr_fdbk.o
                0x00000000080066e0                R3_1_RLDetectionModeDisable
 .text.R3_1_RLDetectionModeSetDuty
                0x0000000008006824       0x30 ./Middlewares/MotorControl/r3_1_f4xx_pwm_curr_fdbk.o
                0x0000000008006824                R3_1_RLDetectionModeSetDuty
 .text.RVBS_Clear
                0x0000000008006854       0x40 ./Middlewares/MotorControl/r_divider_bus_voltage_sensor.o
                0x0000000008006854                RVBS_Clear
 .text.RVBS_Init
                0x0000000008006894       0x18 ./Middlewares/MotorControl/r_divider_bus_voltage_sensor.o
                0x0000000008006894                RVBS_Init
 .text.RVBS_CheckFaultState
                0x00000000080068ac       0x18 ./Middlewares/MotorControl/r_divider_bus_voltage_sensor.o
                0x00000000080068ac                RVBS_CheckFaultState
 .text.RVBS_CalcAvVbus
                0x00000000080068c4       0x6c ./Middlewares/MotorControl/r_divider_bus_voltage_sensor.o
                0x00000000080068c4                RVBS_CalcAvVbus
 .text.REMNG_Init
                0x0000000008006930       0x10 ./Middlewares/MotorControl/ramp_ext_mngr.o
                0x0000000008006930                REMNG_Init
 .text.SPD_GetElAngle
                0x0000000008006940        0x8 ./Middlewares/MotorControl/speed_pos_fdbk.o
                0x0000000008006940                SPD_GetElAngle
 .text.SPD_GetAvrgMecSpeedUnit
                0x0000000008006948        0x8 ./Middlewares/MotorControl/speed_pos_fdbk.o
                0x0000000008006948                SPD_GetAvrgMecSpeedUnit
 .text.SPD_GetInstElSpeedDpp
                0x0000000008006950        0x8 ./Middlewares/MotorControl/speed_pos_fdbk.o
                0x0000000008006950                SPD_GetInstElSpeedDpp
 .text.SPD_IsMecSpeedReliable
                0x0000000008006958       0x6c ./Middlewares/MotorControl/speed_pos_fdbk.o
                0x0000000008006958                SPD_IsMecSpeedReliable
 .text.SPD_GetS16Speed
                0x00000000080069c4       0x14 ./Middlewares/MotorControl/speed_pos_fdbk.o
                0x00000000080069c4                SPD_GetS16Speed
 .text.STC_Init
                0x00000000080069d8       0x2c ./Middlewares/MotorControl/speed_torq_ctrl.o
                0x00000000080069d8                STC_Init
 .text.STC_GetSpeedSensor
                0x0000000008006a04        0x4 ./Middlewares/MotorControl/speed_torq_ctrl.o
                0x0000000008006a04                STC_GetSpeedSensor
 .text.STC_Clear
                0x0000000008006a08       0x10 ./Middlewares/MotorControl/speed_torq_ctrl.o
                0x0000000008006a08                STC_Clear
 .text.STC_GetMecSpeedRefUnit
                0x0000000008006a18       0x10 ./Middlewares/MotorControl/speed_torq_ctrl.o
                0x0000000008006a18                STC_GetMecSpeedRefUnit
 .text.STC_GetTorqueRef
                0x0000000008006a28       0x10 ./Middlewares/MotorControl/speed_torq_ctrl.o
                0x0000000008006a28                STC_GetTorqueRef
 .text.STC_SetControlMode
                0x0000000008006a38        0x8 ./Middlewares/MotorControl/speed_torq_ctrl.o
                0x0000000008006a38                STC_SetControlMode
 .text.STC_ExecRamp
                0x0000000008006a40       0x90 ./Middlewares/MotorControl/speed_torq_ctrl.o
                0x0000000008006a40                STC_ExecRamp
 .text.STC_StopRamp
                0x0000000008006ad0        0x8 ./Middlewares/MotorControl/speed_torq_ctrl.o
                0x0000000008006ad0                STC_StopRamp
 .text.STC_CalcTorqueReference
                0x0000000008006ad8       0x64 ./Middlewares/MotorControl/speed_torq_ctrl.o
                0x0000000008006ad8                STC_CalcTorqueReference
 .text.STC_GetMecSpeedRefUnitDefault
                0x0000000008006b3c        0x8 ./Middlewares/MotorControl/speed_torq_ctrl.o
                0x0000000008006b3c                STC_GetMecSpeedRefUnitDefault
 .text.STC_GetMaxAppPositiveMecSpeedUnit
                0x0000000008006b44        0x4 ./Middlewares/MotorControl/speed_torq_ctrl.o
                0x0000000008006b44                STC_GetMaxAppPositiveMecSpeedUnit
 .text.STC_GetMinAppNegativeMecSpeedUnit
                0x0000000008006b48        0x8 ./Middlewares/MotorControl/speed_torq_ctrl.o
                0x0000000008006b48                STC_GetMinAppNegativeMecSpeedUnit
 .text.STC_GetDefaultIqdref
                0x0000000008006b50       0x1c ./Middlewares/MotorControl/speed_torq_ctrl.o
                0x0000000008006b50                STC_GetDefaultIqdref
 .text.STC_ForceSpeedReferenceToCurrentSpeed
                0x0000000008006b6c       0x10 ./Middlewares/MotorControl/speed_torq_ctrl.o
                0x0000000008006b6c                STC_ForceSpeedReferenceToCurrentSpeed
 .text.STM_Init
                0x0000000008006b7c        0xc ./Middlewares/MotorControl/state_machine.o
                0x0000000008006b7c                STM_Init
 .text.STM_FaultProcessing
                0x0000000008006b88       0x38 ./Middlewares/MotorControl/state_machine.o
                0x0000000008006b88                STM_FaultProcessing
 .text.STM_NextState
                0x0000000008006bc0       0xe8 ./Middlewares/MotorControl/state_machine.o
                0x0000000008006bc0                STM_NextState
 .text.STM_GetState
                0x0000000008006ca8        0x4 ./Middlewares/MotorControl/state_machine.o
                0x0000000008006ca8                STM_GetState
 .text.STM_FaultAcknowledged
                0x0000000008006cac       0x18 ./Middlewares/MotorControl/state_machine.o
                0x0000000008006cac                STM_FaultAcknowledged
 .text.STM_GetFaultState
                0x0000000008006cc4        0xc ./Middlewares/MotorControl/state_machine.o
                0x0000000008006cc4                STM_GetFaultState
 .text.UFCP_Init
                0x0000000008006cd0        0x4 ./Middlewares/MotorControl/usart_frame_communication_protocol.o
                0x0000000008006cd0                UFCP_Init
 .text.UFCP_TX_IRQ_Handler
                0x0000000008006cd4       0x68 ./Middlewares/MotorControl/usart_frame_communication_protocol.o
                0x0000000008006cd4                UFCP_TX_IRQ_Handler
 .text.UFCP_Receive
                0x0000000008006d3c       0x2c ./Middlewares/MotorControl/usart_frame_communication_protocol.o
                0x0000000008006d3c                UFCP_Receive
 .text.UFCP_Send
                0x0000000008006d68       0xbc ./Middlewares/MotorControl/usart_frame_communication_protocol.o
                0x0000000008006d68                UFCP_Send
 .text.UFCP_RX_IRQ_Handler
                0x0000000008006e24       0xd8 ./Middlewares/MotorControl/usart_frame_communication_protocol.o
                0x0000000008006e24                UFCP_RX_IRQ_Handler
 .text.UFCP_OVR_IRQ_Handler
                0x0000000008006efc       0x20 ./Middlewares/MotorControl/usart_frame_communication_protocol.o
                0x0000000008006efc                UFCP_OVR_IRQ_Handler
 .text.UFCP_AbortReceive
                0x0000000008006f1c        0x8 ./Middlewares/MotorControl/usart_frame_communication_protocol.o
                0x0000000008006f1c                UFCP_AbortReceive
 .text.RUC_SetPhaseDurationms
                0x0000000008006f24        0xc ../../MCSDK_v5.4.8/MotorControl/lib\libmc-gcc_M4_NoCCMRAM.lib(revup_ctrl.o)
                0x0000000008006f24                RUC_SetPhaseDurationms
 .text.RUC_SetPhaseFinalMecSpeedUnit
                0x0000000008006f30        0xc ../../MCSDK_v5.4.8/MotorControl/lib\libmc-gcc_M4_NoCCMRAM.lib(revup_ctrl.o)
                0x0000000008006f30                RUC_SetPhaseFinalMecSpeedUnit
 .text.RUC_SetPhaseFinalTorque
                0x0000000008006f3c        0xc ../../MCSDK_v5.4.8/MotorControl/lib\libmc-gcc_M4_NoCCMRAM.lib(revup_ctrl.o)
                0x0000000008006f3c                RUC_SetPhaseFinalTorque
 .text.RUC_GetPhaseDurationms
                0x0000000008006f48        0xc ../../MCSDK_v5.4.8/MotorControl/lib\libmc-gcc_M4_NoCCMRAM.lib(revup_ctrl.o)
                0x0000000008006f48                RUC_GetPhaseDurationms
 .text.RUC_GetPhaseFinalMecSpeedUnit
                0x0000000008006f54       0x10 ../../MCSDK_v5.4.8/MotorControl/lib\libmc-gcc_M4_NoCCMRAM.lib(revup_ctrl.o)
                0x0000000008006f54                RUC_GetPhaseFinalMecSpeedUnit
 .text.RUC_GetPhaseFinalTorque
                0x0000000008006f64       0x10 ../../MCSDK_v5.4.8/MotorControl/lib\libmc-gcc_M4_NoCCMRAM.lib(revup_ctrl.o)
                0x0000000008006f64                RUC_GetPhaseFinalTorque
 .text.RUC_GetNumberOfPhases
                0x0000000008006f74        0x8 ../../MCSDK_v5.4.8/MotorControl/lib\libmc-gcc_M4_NoCCMRAM.lib(revup_ctrl.o)
                0x0000000008006f74                RUC_GetNumberOfPhases
 .text.__libc_init_array
                0x0000000008006f7c       0x48 c:/st/stm32cubeide_1.6.1/stm32cubeide/plugins/com.st.stm32cube.ide.mcu.externaltools.gnu-tools-for-stm32.10.3-2021.10.win32_1.0.0.202111181127/tools/bin/../lib/gcc/arm-none-eabi/10.3.1/../../../../arm-none-eabi/lib/thumb/v7e-m+fp/hard\libc_nano.a(lib_a-init.o)
                0x0000000008006f7c                __libc_init_array
 .text.memset   0x0000000008006fc4       0x10 c:/st/stm32cubeide_1.6.1/stm32cubeide/plugins/com.st.stm32cube.ide.mcu.externaltools.gnu-tools-for-stm32.10.3-2021.10.win32_1.0.0.202111181127/tools/bin/../lib/gcc/arm-none-eabi/10.3.1/../../../../arm-none-eabi/lib/thumb/v7e-m+fp/hard\libc_nano.a(lib_a-memset.o)
                0x0000000008006fc4                memset
 *(.glue_7)
 .glue_7        0x0000000008006fd4        0x0 linker stubs
 *(.glue_7t)
 .glue_7t       0x0000000008006fd4        0x0 linker stubs
 *(.eh_frame)
 .eh_frame      0x0000000008006fd4        0x0 c:/st/stm32cubeide_1.6.1/stm32cubeide/plugins/com.st.stm32cube.ide.mcu.externaltools.gnu-tools-for-stm32.10.3-2021.10.win32_1.0.0.202111181127/tools/bin/../lib/gcc/arm-none-eabi/10.3.1/thumb/v7e-m+fp/hard/crtbegin.o
 *(.init)
 .init          0x0000000008006fd4        0x4 c:/st/stm32cubeide_1.6.1/stm32cubeide/plugins/com.st.stm32cube.ide.mcu.externaltools.gnu-tools-for-stm32.10.3-2021.10.win32_1.0.0.202111181127/tools/bin/../lib/gcc/arm-none-eabi/10.3.1/thumb/v7e-m+fp/hard/crti.o
                0x0000000008006fd4                _init
 .init          0x0000000008006fd8        0x8 c:/st/stm32cubeide_1.6.1/stm32cubeide/plugins/com.st.stm32cube.ide.mcu.externaltools.gnu-tools-for-stm32.10.3-2021.10.win32_1.0.0.202111181127/tools/bin/../lib/gcc/arm-none-eabi/10.3.1/thumb/v7e-m+fp/hard/crtn.o
 *(.fini)
 .fini          0x0000000008006fe0        0x4 c:/st/stm32cubeide_1.6.1/stm32cubeide/plugins/com.st.stm32cube.ide.mcu.externaltools.gnu-tools-for-stm32.10.3-2021.10.win32_1.0.0.202111181127/tools/bin/../lib/gcc/arm-none-eabi/10.3.1/thumb/v7e-m+fp/hard/crti.o
                0x0000000008006fe0                _fini
 .fini          0x0000000008006fe4        0x8 c:/st/stm32cubeide_1.6.1/stm32cubeide/plugins/com.st.stm32cube.ide.mcu.externaltools.gnu-tools-for-stm32.10.3-2021.10.win32_1.0.0.202111181127/tools/bin/../lib/gcc/arm-none-eabi/10.3.1/thumb/v7e-m+fp/hard/crtn.o
                0x0000000008006fec                . = ALIGN (0x4)
                0x0000000008006fec                _etext = .

.vfp11_veneer   0x0000000008006fec        0x0
 .vfp11_veneer  0x0000000008006fec        0x0 linker stubs

.v4_bx          0x0000000008006fec        0x0
 .v4_bx         0x0000000008006fec        0x0 linker stubs

.iplt           0x0000000008006fec        0x0
 .iplt          0x0000000008006fec        0x0 c:/st/stm32cubeide_1.6.1/stm32cubeide/plugins/com.st.stm32cube.ide.mcu.externaltools.gnu-tools-for-stm32.10.3-2021.10.win32_1.0.0.202111181127/tools/bin/../lib/gcc/arm-none-eabi/10.3.1/thumb/v7e-m+fp/hard/crtbegin.o

.rodata         0x0000000008006fec      0x2e8
                0x0000000008006fec                . = ALIGN (0x4)
 *(.rodata)
 *(.rodata*)
 .rodata.HAL_TIM_PeriodElapsedCallback.str1.4
                0x0000000008006fec       0x35 ./Application/User/main.o
 *fill*         0x0000000008007021        0x3 
 .rodata.hSin_Cos_Table
                0x0000000008007024      0x200 ./Application/User/mc_math.o
                0x0000000008007024                hSin_Cos_Table
 .rodata.R3_1_ParamsM1
                0x0000000008007224       0x70 ./Application/User/mc_parameters.o
                0x0000000008007224                R3_1_ParamsM1
 .rodata.s_fwVer
                0x0000000008007294       0x20 ./Application/User/motorcontrol.o
                0x0000000008007294                s_fwVer
 .rodata.AHBPrescTable
                0x00000000080072b4       0x10 ./Drivers/CMSIS/system_stm32f4xx.o
                0x00000000080072b4                AHBPrescTable
 .rodata.APBPrescTable
                0x00000000080072c4        0x8 ./Drivers/CMSIS/system_stm32f4xx.o
                0x00000000080072c4                APBPrescTable
 .rodata.UFCP_Usart_Timeout_none
                0x00000000080072cc        0x2 ./Middlewares/MotorControl/usart_frame_communication_protocol.o
 .rodata.UFCP_Usart_Timeout_start
                0x00000000080072ce        0x2 ./Middlewares/MotorControl/usart_frame_communication_protocol.o
 .rodata.UFCP_Usart_Timeout_stop
                0x00000000080072d0        0x2 ./Middlewares/MotorControl/usart_frame_communication_protocol.o
                0x00000000080072d4                . = ALIGN (0x4)
 *fill*         0x00000000080072d2        0x2 

.ARM.extab      0x00000000080072d4        0x0
                0x00000000080072d4                . = ALIGN (0x4)
 *(.ARM.extab* .gnu.linkonce.armextab.*)
                0x00000000080072d4                . = ALIGN (0x4)

.ARM            0x00000000080072d4        0x8
                0x00000000080072d4                . = ALIGN (0x4)
                0x00000000080072d4                __exidx_start = .
 *(.ARM.exidx*)
 .ARM.exidx     0x00000000080072d4        0x8 c:/st/stm32cubeide_1.6.1/stm32cubeide/plugins/com.st.stm32cube.ide.mcu.externaltools.gnu-tools-for-stm32.10.3-2021.10.win32_1.0.0.202111181127/tools/bin/../lib/gcc/arm-none-eabi/10.3.1/thumb/v7e-m+fp/hard\libgcc.a(_udivmoddi4.o)
                0x00000000080072dc                __exidx_end = .
                0x00000000080072dc                . = ALIGN (0x4)

.rel.dyn        0x00000000080072dc        0x0
 .rel.iplt      0x00000000080072dc        0x0 c:/st/stm32cubeide_1.6.1/stm32cubeide/plugins/com.st.stm32cube.ide.mcu.externaltools.gnu-tools-for-stm32.10.3-2021.10.win32_1.0.0.202111181127/tools/bin/../lib/gcc/arm-none-eabi/10.3.1/thumb/v7e-m+fp/hard/crtbegin.o

.preinit_array  0x00000000080072dc        0x0
                0x00000000080072dc                . = ALIGN (0x4)
                0x00000000080072dc                PROVIDE (__preinit_array_start = .)
 *(.preinit_array*)
                0x00000000080072dc                PROVIDE (__preinit_array_end = .)
                0x00000000080072dc                . = ALIGN (0x4)

.init_array     0x00000000080072dc        0x4
                0x00000000080072dc                . = ALIGN (0x4)
                0x00000000080072dc                PROVIDE (__init_array_start = .)
 *(SORT_BY_NAME(.init_array.*))
 *(.init_array*)
 .init_array    0x00000000080072dc        0x4 c:/st/stm32cubeide_1.6.1/stm32cubeide/plugins/com.st.stm32cube.ide.mcu.externaltools.gnu-tools-for-stm32.10.3-2021.10.win32_1.0.0.202111181127/tools/bin/../lib/gcc/arm-none-eabi/10.3.1/thumb/v7e-m+fp/hard/crtbegin.o
                0x00000000080072e0                PROVIDE (__init_array_end = .)
                0x00000000080072e0                . = ALIGN (0x4)

.fini_array     0x00000000080072e0        0x4
                0x00000000080072e0                . = ALIGN (0x4)
                [!provide]                        PROVIDE (__fini_array_start = .)
 *(SORT_BY_NAME(.fini_array.*))
 *(.fini_array*)
 .fini_array    0x00000000080072e0        0x4 c:/st/stm32cubeide_1.6.1/stm32cubeide/plugins/com.st.stm32cube.ide.mcu.externaltools.gnu-tools-for-stm32.10.3-2021.10.win32_1.0.0.202111181127/tools/bin/../lib/gcc/arm-none-eabi/10.3.1/thumb/v7e-m+fp/hard/crtbegin.o
                [!provide]                        PROVIDE (__fini_array_end = .)
                0x00000000080072e4                . = ALIGN (0x4)
                0x00000000080072e4                _sidata = LOADADDR (.data)

.data           0x0000000020000000      0x580 load address 0x00000000080072e4
                0x0000000020000000                . = ALIGN (0x4)
                0x0000000020000000                _sdata = .
 *(.data)
 *(.data*)
 .data.sensor_feedback
                0x0000000020000000        0x1 ./Application/User/main.o
                0x0000000020000000                sensor_feedback
 *fill*         0x0000000020000001        0x3 
 .data.CircleLimitationM1
                0x0000000020000004       0xb4 ./Application/User/mc_config.o
                0x0000000020000004                CircleLimitationM1
 .data.HALL_M1  0x00000000200000b8       0xc8 ./Application/User/mc_config.o
                0x00000000200000b8                HALL_M1
 .data.PIDIdHandle_M1
                0x0000000020000180       0x2c ./Application/User/mc_config.o
                0x0000000020000180                PIDIdHandle_M1
 .data.PIDIqHandle_M1
                0x00000000200001ac       0x2c ./Application/User/mc_config.o
                0x00000000200001ac                PIDIqHandle_M1
 .data.PIDSpeedHandle_M1
                0x00000000200001d8       0x2c ./Application/User/mc_config.o
                0x00000000200001d8                PIDSpeedHandle_M1
 .data.PQD_MotorPowMeasM1
                0x0000000020000204      0x114 ./Application/User/mc_config.o
                0x0000000020000204                PQD_MotorPowMeasM1
 .data.PWM_Handle_M1
                0x0000000020000318       0x7c ./Application/User/mc_config.o
                0x0000000020000318                PWM_Handle_M1
 .data.RampExtMngrHFParamsM1
                0x0000000020000394       0x18 ./Application/User/mc_config.o
                0x0000000020000394                RampExtMngrHFParamsM1
 .data.RealBusVoltageSensorParamsM1
                0x00000000200003ac       0x28 ./Application/User/mc_config.o
                0x00000000200003ac                RealBusVoltageSensorParamsM1
 .data.SpeednTorqCtrlM1
                0x00000000200003d4       0x34 ./Application/User/mc_config.o
                0x00000000200003d4                SpeednTorqCtrlM1
 .data.TempSensorParamsM1
                0x0000000020000408       0x28 ./Application/User/mc_config.o
                0x0000000020000408                TempSensorParamsM1
 .data.pUSART   0x0000000020000430      0x13c ./Application/User/mc_config.o
                0x0000000020000430                pUSART
 .data.wConfig  0x000000002000056c        0x4 ./Application/User/motorcontrol.o
                0x000000002000056c                wConfig
 .data.SystickDividerCounter.0
                0x0000000020000570        0x1 ./Application/User/stm32f4xx_mc_it.o
 *fill*         0x0000000020000571        0x1 
 .data.bCOMATRTimeCounter
                0x0000000020000572        0x2 ./Application/User/ui_task.o
 .data.SystemCoreClock
                0x0000000020000574        0x4 ./Drivers/CMSIS/system_stm32f4xx.o
                0x0000000020000574                SystemCoreClock
 .data.uwTickFreq
                0x0000000020000578        0x1 ./Drivers/STM32F4xx_HAL_Driver/stm32f4xx_hal.o
                0x0000000020000578                uwTickFreq
 *fill*         0x0000000020000579        0x3 
 .data.uwTickPrio
                0x000000002000057c        0x4 ./Drivers/STM32F4xx_HAL_Driver/stm32f4xx_hal.o
                0x000000002000057c                uwTickPrio
 *(.RamFunc)
 *(.RamFunc*)
                0x0000000020000580                . = ALIGN (0x4)
                0x0000000020000580                _edata = .

.igot.plt       0x0000000020000580        0x0 load address 0x0000000008007864
 .igot.plt      0x0000000020000580        0x0 c:/st/stm32cubeide_1.6.1/stm32cubeide/plugins/com.st.stm32cube.ide.mcu.externaltools.gnu-tools-for-stm32.10.3-2021.10.win32_1.0.0.202111181127/tools/bin/../lib/gcc/arm-none-eabi/10.3.1/thumb/v7e-m+fp/hard/crtbegin.o
                0x0000000020000580                . = ALIGN (0x4)

.bss            0x0000000020000580      0x430 load address 0x0000000008007864
                0x0000000020000580                _sbss = .
                0x0000000020000580                __bss_start__ = _sbss
 *(.bss)
 .bss           0x0000000020000580       0x1c c:/st/stm32cubeide_1.6.1/stm32cubeide/plugins/com.st.stm32cube.ide.mcu.externaltools.gnu-tools-for-stm32.10.3-2021.10.win32_1.0.0.202111181127/tools/bin/../lib/gcc/arm-none-eabi/10.3.1/thumb/v7e-m+fp/hard/crtbegin.o
 *(.bss*)
 .bss.RX_CMD_BUFFER
                0x000000002000059c        0x4 ./Application/User/main.o
                0x000000002000059c                RX_CMD_BUFFER
 .bss.count     0x00000000200005a0        0x1 ./Application/User/main.o
                0x00000000200005a0                count
 *fill*         0x00000000200005a1        0x3 
 .bss.current   0x00000000200005a4        0x4 ./Application/User/main.o
                0x00000000200005a4                current
 .bss.fault     0x00000000200005a8        0x2 ./Application/User/main.o
                0x00000000200005a8                fault
 *fill*         0x00000000200005aa        0x6 
 .bss.hadc1     0x00000000200005b0       0x48 ./Application/User/main.o
                0x00000000200005b0                hadc1
 .bss.htim1     0x00000000200005f8       0x48 ./Application/User/main.o
                0x00000000200005f8                htim1
 .bss.htim2     0x0000000020000640       0x48 ./Application/User/main.o
                0x0000000020000640                htim2
 .bss.htim3     0x0000000020000688       0x48 ./Application/User/main.o
                0x0000000020000688                htim3
 .bss.htim4     0x00000000200006d0       0x48 ./Application/User/main.o
                0x00000000200006d0                htim4
 .bss.huart1    0x0000000020000718       0x44 ./Application/User/main.o
                0x0000000020000718                huart1
 .bss.huart2    0x000000002000075c       0x44 ./Application/User/main.o
                0x000000002000075c                huart2
 .bss.motor_move
                0x00000000200007a0        0x1 ./Application/User/main.o
                0x00000000200007a0                motor_move
 *fill*         0x00000000200007a1        0x3 
 .bss.rpm       0x00000000200007a4        0x4 ./Application/User/main.o
                0x00000000200007a4                rpm
 .bss.throttle  0x00000000200007a8        0x1 ./Application/User/main.o
                0x00000000200007a8                throttle
 *fill*         0x00000000200007a9        0x3 
 .bss.voltage   0x00000000200007ac        0x4 ./Application/User/main.o
                0x00000000200007ac                voltage
 .bss.RealBusVoltageSensorFilterBufferM1
                0x00000000200007b0       0x14 ./Application/User/mc_config.o
                0x00000000200007b0                RealBusVoltageSensorFilterBufferM1
 .bss.UI_Params
                0x00000000200007c4       0x18 ./Application/User/mc_config.o
                0x00000000200007c4                UI_Params
 .bss.FOCVars   0x00000000200007dc       0x26 ./Application/User/mc_tasks.o
                0x00000000200007dc                FOCVars
 *fill*         0x0000000020000802        0x2 
 .bss.MCT       0x0000000020000804       0x54 ./Application/User/mc_tasks.o
                0x0000000020000804                MCT
 .bss.Mci       0x0000000020000858       0x1c ./Application/User/mc_tasks.o
                0x0000000020000858                Mci
 .bss.STM       0x0000000020000874        0x6 ./Application/User/mc_tasks.o
                0x0000000020000874                STM
 .bss.bMCBootCompleted
                0x000000002000087a        0x1 ./Application/User/mc_tasks.o
                0x000000002000087a                bMCBootCompleted
 *fill*         0x000000002000087b        0x1 
 .bss.hBootCapDelayCounterM1
                0x000000002000087c        0x2 ./Application/User/mc_tasks.o
 .bss.hMFTaskCounterM1
                0x000000002000087e        0x2 ./Application/User/mc_tasks.o
 .bss.hStopPermanencyCounterM1
                0x0000000020000880        0x2 ./Application/User/mc_tasks.o
 *fill*         0x0000000020000882        0x2 
 .bss.oMCInterface
                0x0000000020000884        0x4 ./Application/User/mc_tasks.o
                0x0000000020000884                oMCInterface
 .bss.pBusSensorM1
                0x0000000020000888        0x4 ./Application/User/mc_tasks.o
                0x0000000020000888                pBusSensorM1
 .bss.pCLM      0x000000002000088c        0x4 ./Application/User/mc_tasks.o
                0x000000002000088c                pCLM
 .bss.pMPM      0x0000000020000890        0x4 ./Application/User/mc_tasks.o
                0x0000000020000890                pMPM
 .bss.pPIDId    0x0000000020000894        0x4 ./Application/User/mc_tasks.o
                0x0000000020000894                pPIDId
 .bss.pPIDIq    0x0000000020000898        0x4 ./Application/User/mc_tasks.o
                0x0000000020000898                pPIDIq
 .bss.pPIDSpeed
                0x000000002000089c        0x4 ./Application/User/mc_tasks.o
                0x000000002000089c                pPIDSpeed
 .bss.pREMNG    0x00000000200008a0        0x4 ./Application/User/mc_tasks.o
                0x00000000200008a0                pREMNG
 .bss.pSTC      0x00000000200008a4        0x4 ./Application/User/mc_tasks.o
                0x00000000200008a4                pSTC
 .bss.pTemperatureSensor
                0x00000000200008a8        0x4 ./Application/User/mc_tasks.o
                0x00000000200008a8                pTemperatureSensor
 .bss.pwmcHandle
                0x00000000200008ac        0x4 ./Application/User/mc_tasks.o
                0x00000000200008ac                pwmcHandle
 .bss.MPInfo    0x00000000200008b0        0x8 ./Application/User/motor_control_protocol.o
                0x00000000200008b0                MPInfo
 .bss.pMCI      0x00000000200008b8        0x4 ./Application/User/motorcontrol.o
                0x00000000200008b8                pMCI
 .bss.pMCT      0x00000000200008bc        0x4 ./Application/User/motorcontrol.o
                0x00000000200008bc                pMCT
 .bss.RCM_CB_array
                0x00000000200008c0       0x20 ./Application/User/regular_conversion_manager.o
                0x00000000200008c0                RCM_CB_array
 .bss.RCM_UserConvHandle
                0x00000000200008e0        0x1 ./Application/User/regular_conversion_manager.o
                0x00000000200008e0                RCM_UserConvHandle
 .bss.RCM_UserConvState
                0x00000000200008e1        0x1 ./Application/User/regular_conversion_manager.o
                0x00000000200008e1                RCM_UserConvState
 .bss.RCM_UserConvValue
                0x00000000200008e2        0x2 ./Application/User/regular_conversion_manager.o
                0x00000000200008e2                RCM_UserConvValue
 .bss.RCM_handle_array
                0x00000000200008e4       0x10 ./Application/User/regular_conversion_manager.o
                0x00000000200008e4                RCM_handle_array
 .bss.MCP_UI_Params
                0x00000000200008f4       0xb0 ./Application/User/ui_task.o
                0x00000000200008f4                MCP_UI_Params
 .bss.bCOMTimeoutCounter
                0x00000000200009a4        0x2 ./Application/User/ui_task.o
 .bss.bUITaskCounter
                0x00000000200009a6        0x2 ./Application/User/ui_task.o
 .bss.pMCP      0x00000000200009a8        0x4 ./Application/User/ui_task.o
                0x00000000200009a8                pMCP
 .bss.uwTick    0x00000000200009ac        0x4 ./Drivers/STM32F4xx_HAL_Driver/stm32f4xx_hal.o
                0x00000000200009ac                uwTick
 *(COMMON)
                0x00000000200009b0                . = ALIGN (0x4)
                0x00000000200009b0                _ebss = .
                0x00000000200009b0                __bss_end__ = _ebss

._user_heap_stack
                0x00000000200009b0      0x600 load address 0x0000000008007864
                0x00000000200009b0                . = ALIGN (0x8)
                [!provide]                        PROVIDE (end = .)
                0x00000000200009b0                PROVIDE (_end = .)
                0x0000000020000bb0                . = (. + _Min_Heap_Size)
 *fill*         0x00000000200009b0      0x200 
                0x0000000020000fb0                . = (. + _Min_Stack_Size)
 *fill*         0x0000000020000bb0      0x400 
                0x0000000020000fb0                . = ALIGN (0x8)

/DISCARD/
 libc.a(*)
 libm.a(*)
 libgcc.a(*)

.ARM.attributes
                0x0000000000000000       0x30
 *(.ARM.attributes)
 .ARM.attributes
                0x0000000000000000       0x1e c:/st/stm32cubeide_1.6.1/stm32cubeide/plugins/com.st.stm32cube.ide.mcu.externaltools.gnu-tools-for-stm32.10.3-2021.10.win32_1.0.0.202111181127/tools/bin/../lib/gcc/arm-none-eabi/10.3.1/thumb/v7e-m+fp/hard/crti.o
 .ARM.attributes
                0x000000000000001e       0x34 c:/st/stm32cubeide_1.6.1/stm32cubeide/plugins/com.st.stm32cube.ide.mcu.externaltools.gnu-tools-for-stm32.10.3-2021.10.win32_1.0.0.202111181127/tools/bin/../lib/gcc/arm-none-eabi/10.3.1/thumb/v7e-m+fp/hard/crtbegin.o
 .ARM.attributes
                0x0000000000000052       0x21 ./Application/Startup/startup_stm32f401retx.o
 .ARM.attributes
                0x0000000000000073       0x30 ./Application/User/main.o
 .ARM.attributes
                0x00000000000000a3       0x30 ./Application/User/mc_api.o
 .ARM.attributes
                0x00000000000000d3       0x30 ./Application/User/mc_config.o
 .ARM.attributes
                0x0000000000000103       0x30 ./Application/User/mc_interface.o
 .ARM.attributes
                0x0000000000000133       0x30 ./Application/User/mc_math.o
 .ARM.attributes
                0x0000000000000163       0x30 ./Application/User/mc_parameters.o
 .ARM.attributes
                0x0000000000000193       0x30 ./Application/User/mc_tasks.o
 .ARM.attributes
                0x00000000000001c3       0x30 ./Application/User/motor_control_protocol.o
 .ARM.attributes
                0x00000000000001f3       0x30 ./Application/User/motorcontrol.o
 .ARM.attributes
                0x0000000000000223       0x30 ./Application/User/regular_conversion_manager.o
 .ARM.attributes
                0x0000000000000253       0x30 ./Application/User/stm32f4xx_hal_msp.o
 .ARM.attributes
                0x0000000000000283       0x30 ./Application/User/stm32f4xx_it.o
 .ARM.attributes
                0x00000000000002b3       0x30 ./Application/User/stm32f4xx_mc_it.o
 .ARM.attributes
                0x00000000000002e3       0x30 ./Application/User/ui_task.o
 .ARM.attributes
                0x0000000000000313       0x30 ./Application/User/user_interface.o
 .ARM.attributes
                0x0000000000000343       0x30 ./Drivers/CMSIS/system_stm32f4xx.o
 .ARM.attributes
                0x0000000000000373       0x30 ./Drivers/STM32F4xx_HAL_Driver/stm32f4xx_hal.o
 .ARM.attributes
                0x00000000000003a3       0x30 ./Drivers/STM32F4xx_HAL_Driver/stm32f4xx_hal_adc.o
 .ARM.attributes
                0x00000000000003d3       0x30 ./Drivers/STM32F4xx_HAL_Driver/stm32f4xx_hal_adc_ex.o
 .ARM.attributes
                0x0000000000000403       0x30 ./Drivers/STM32F4xx_HAL_Driver/stm32f4xx_hal_cortex.o
 .ARM.attributes
                0x0000000000000433       0x30 ./Drivers/STM32F4xx_HAL_Driver/stm32f4xx_hal_dma.o
 .ARM.attributes
                0x0000000000000463       0x30 ./Drivers/STM32F4xx_HAL_Driver/stm32f4xx_hal_gpio.o
 .ARM.attributes
                0x0000000000000493       0x30 ./Drivers/STM32F4xx_HAL_Driver/stm32f4xx_hal_rcc.o
 .ARM.attributes
                0x00000000000004c3       0x30 ./Drivers/STM32F4xx_HAL_Driver/stm32f4xx_hal_tim.o
 .ARM.attributes
                0x00000000000004f3       0x30 ./Drivers/STM32F4xx_HAL_Driver/stm32f4xx_hal_tim_ex.o
 .ARM.attributes
                0x0000000000000523       0x30 ./Drivers/STM32F4xx_HAL_Driver/stm32f4xx_hal_uart.o
 .ARM.attributes
                0x0000000000000553       0x30 ./Middlewares/MotorControl/bus_voltage_sensor.o
 .ARM.attributes
                0x0000000000000583       0x30 ./Middlewares/MotorControl/circle_limitation.o
 .ARM.attributes
                0x00000000000005b3       0x30 ./Middlewares/MotorControl/frame_communication_protocol.o
 .ARM.attributes
                0x00000000000005e3       0x30 ./Middlewares/MotorControl/hall_speed_pos_fdbk.o
 .ARM.attributes
                0x0000000000000613       0x30 ./Middlewares/MotorControl/motor_power_measurement.o
 .ARM.attributes
                0x0000000000000643       0x30 ./Middlewares/MotorControl/ntc_temperature_sensor.o
 .ARM.attributes
                0x0000000000000673       0x30 ./Middlewares/MotorControl/pid_regulator.o
 .ARM.attributes
                0x00000000000006a3       0x30 ./Middlewares/MotorControl/pqd_motor_power_measurement.o
 .ARM.attributes
                0x00000000000006d3       0x30 ./Middlewares/MotorControl/pwm_common.o
 .ARM.attributes
                0x0000000000000703       0x30 ./Middlewares/MotorControl/pwm_curr_fdbk.o
 .ARM.attributes
                0x0000000000000733       0x30 ./Middlewares/MotorControl/r3_1_f4xx_pwm_curr_fdbk.o
 .ARM.attributes
                0x0000000000000763       0x30 ./Middlewares/MotorControl/r_divider_bus_voltage_sensor.o
 .ARM.attributes
                0x0000000000000793       0x30 ./Middlewares/MotorControl/ramp_ext_mngr.o
 .ARM.attributes
                0x00000000000007c3       0x30 ./Middlewares/MotorControl/speed_pos_fdbk.o
 .ARM.attributes
                0x00000000000007f3       0x30 ./Middlewares/MotorControl/speed_torq_ctrl.o
 .ARM.attributes
                0x0000000000000823       0x30 ./Middlewares/MotorControl/state_machine.o
 .ARM.attributes
                0x0000000000000853       0x30 ./Middlewares/MotorControl/usart_frame_communication_protocol.o
 .ARM.attributes
                0x0000000000000883       0x35 ../../MCSDK_v5.4.8/MotorControl/lib\libmc-gcc_M4_NoCCMRAM.lib(revup_ctrl.o)
 .ARM.attributes
                0x00000000000008b8       0x34 c:/st/stm32cubeide_1.6.1/stm32cubeide/plugins/com.st.stm32cube.ide.mcu.externaltools.gnu-tools-for-stm32.10.3-2021.10.win32_1.0.0.202111181127/tools/bin/../lib/gcc/arm-none-eabi/10.3.1/../../../../arm-none-eabi/lib/thumb/v7e-m+fp/hard\libc_nano.a(lib_a-init.o)
 .ARM.attributes
                0x00000000000008ec       0x34 c:/st/stm32cubeide_1.6.1/stm32cubeide/plugins/com.st.stm32cube.ide.mcu.externaltools.gnu-tools-for-stm32.10.3-2021.10.win32_1.0.0.202111181127/tools/bin/../lib/gcc/arm-none-eabi/10.3.1/../../../../arm-none-eabi/lib/thumb/v7e-m+fp/hard\libc_nano.a(lib_a-memset.o)
 .ARM.attributes
                0x0000000000000920       0x1e c:/st/stm32cubeide_1.6.1/stm32cubeide/plugins/com.st.stm32cube.ide.mcu.externaltools.gnu-tools-for-stm32.10.3-2021.10.win32_1.0.0.202111181127/tools/bin/../lib/gcc/arm-none-eabi/10.3.1/thumb/v7e-m+fp/hard\libgcc.a(_aeabi_uldivmod.o)
 .ARM.attributes
                0x000000000000093e       0x34 c:/st/stm32cubeide_1.6.1/stm32cubeide/plugins/com.st.stm32cube.ide.mcu.externaltools.gnu-tools-for-stm32.10.3-2021.10.win32_1.0.0.202111181127/tools/bin/../lib/gcc/arm-none-eabi/10.3.1/thumb/v7e-m+fp/hard\libgcc.a(_udivmoddi4.o)
 .ARM.attributes
                0x0000000000000972       0x1e c:/st/stm32cubeide_1.6.1/stm32cubeide/plugins/com.st.stm32cube.ide.mcu.externaltools.gnu-tools-for-stm32.10.3-2021.10.win32_1.0.0.202111181127/tools/bin/../lib/gcc/arm-none-eabi/10.3.1/thumb/v7e-m+fp/hard\libgcc.a(_dvmd_tls.o)
 .ARM.attributes
                0x0000000000000990       0x1e c:/st/stm32cubeide_1.6.1/stm32cubeide/plugins/com.st.stm32cube.ide.mcu.externaltools.gnu-tools-for-stm32.10.3-2021.10.win32_1.0.0.202111181127/tools/bin/../lib/gcc/arm-none-eabi/10.3.1/thumb/v7e-m+fp/hard/crtn.o
OUTPUT(GENEV_GO_MOTOR.elf elf32-littlearm)
LOAD linker stubs
LOAD c:/st/stm32cubeide_1.6.1/stm32cubeide/plugins/com.st.stm32cube.ide.mcu.externaltools.gnu-tools-for-stm32.10.3-2021.10.win32_1.0.0.202111181127/tools/bin/../lib/gcc/arm-none-eabi/10.3.1/../../../../arm-none-eabi/lib/thumb/v7e-m+fp/hard\libc.a
LOAD c:/st/stm32cubeide_1.6.1/stm32cubeide/plugins/com.st.stm32cube.ide.mcu.externaltools.gnu-tools-for-stm32.10.3-2021.10.win32_1.0.0.202111181127/tools/bin/../lib/gcc/arm-none-eabi/10.3.1/../../../../arm-none-eabi/lib/thumb/v7e-m+fp/hard\libm.a
LOAD c:/st/stm32cubeide_1.6.1/stm32cubeide/plugins/com.st.stm32cube.ide.mcu.externaltools.gnu-tools-for-stm32.10.3-2021.10.win32_1.0.0.202111181127/tools/bin/../lib/gcc/arm-none-eabi/10.3.1/thumb/v7e-m+fp/hard\libgcc.a

.debug_line     0x0000000000000000    0x327a3
 .debug_line    0x0000000000000000       0x8f ./Application/Startup/startup_stm32f401retx.o
 .debug_line    0x000000000000008f     0x1929 ./Application/User/main.o
 .debug_line    0x00000000000019b8      0xf7f ./Application/User/mc_api.o
 .debug_line    0x0000000000002937      0xcea ./Application/User/mc_config.o
 .debug_line    0x0000000000003621      0xe90 ./Application/User/mc_interface.o
 .debug_line    0x00000000000044b1      0xe4f ./Application/User/mc_math.o
 .debug_line    0x0000000000005300      0xcdb ./Application/User/mc_parameters.o
 .debug_line    0x0000000000005fdb     0x15d6 ./Application/User/mc_tasks.o
 .debug_line    0x00000000000075b1     0x127e ./Application/User/motor_control_protocol.o
 .debug_line    0x000000000000882f      0xd31 ./Application/User/motorcontrol.o
 .debug_line    0x0000000000009560     0x1289 ./Application/User/regular_conversion_manager.o
 .debug_line    0x000000000000a7e9     0x110f ./Application/User/stm32f4xx_hal_msp.o
 .debug_line    0x000000000000b8f8      0xd2b ./Application/User/stm32f4xx_it.o
 .debug_line    0x000000000000c623     0x114c ./Application/User/stm32f4xx_mc_it.o
 .debug_line    0x000000000000d76f      0xe62 ./Application/User/ui_task.o
 .debug_line    0x000000000000e5d1     0x1489 ./Application/User/user_interface.o
 .debug_line    0x000000000000fa5a      0x7df ./Drivers/CMSIS/system_stm32f4xx.o
 .debug_line    0x0000000000010239      0xaef ./Drivers/STM32F4xx_HAL_Driver/stm32f4xx_hal.o
 .debug_line    0x0000000000010d28     0x16b4 ./Drivers/STM32F4xx_HAL_Driver/stm32f4xx_hal_adc.o
 .debug_line    0x00000000000123dc     0x12d0 ./Drivers/STM32F4xx_HAL_Driver/stm32f4xx_hal_adc_ex.o
 .debug_line    0x00000000000136ac      0xd8d ./Drivers/STM32F4xx_HAL_Driver/stm32f4xx_hal_cortex.o
 .debug_line    0x0000000000014439     0x14bc ./Drivers/STM32F4xx_HAL_Driver/stm32f4xx_hal_dma.o
 .debug_line    0x00000000000158f5      0xd30 ./Drivers/STM32F4xx_HAL_Driver/stm32f4xx_hal_gpio.o
 .debug_line    0x0000000000016625     0x112f ./Drivers/STM32F4xx_HAL_Driver/stm32f4xx_hal_rcc.o
 .debug_line    0x0000000000017754     0x6383 ./Drivers/STM32F4xx_HAL_Driver/stm32f4xx_hal_tim.o
 .debug_line    0x000000000001dad7     0x1ec3 ./Drivers/STM32F4xx_HAL_Driver/stm32f4xx_hal_tim_ex.o
 .debug_line    0x000000000001f99a     0x4a42 ./Drivers/STM32F4xx_HAL_Driver/stm32f4xx_hal_uart.o
 .debug_line    0x00000000000243dc      0x907 ./Middlewares/MotorControl/bus_voltage_sensor.o
 .debug_line    0x0000000000024ce3      0x904 ./Middlewares/MotorControl/circle_limitation.o
 .debug_line    0x00000000000255e7      0xce3 ./Middlewares/MotorControl/frame_communication_protocol.o
 .debug_line    0x00000000000262ca     0x1731 ./Middlewares/MotorControl/hall_speed_pos_fdbk.o
 .debug_line    0x00000000000279fb      0x990 ./Middlewares/MotorControl/motor_power_measurement.o
 .debug_line    0x000000000002838b      0xa50 ./Middlewares/MotorControl/ntc_temperature_sensor.o
 .debug_line    0x0000000000028ddb      0xcc0 ./Middlewares/MotorControl/pid_regulator.o
 .debug_line    0x0000000000029a9b      0x953 ./Middlewares/MotorControl/pqd_motor_power_measurement.o
 .debug_line    0x000000000002a3ee      0xa79 ./Middlewares/MotorControl/pwm_common.o
 .debug_line    0x000000000002ae67      0xe42 ./Middlewares/MotorControl/pwm_curr_fdbk.o
 .debug_line    0x000000000002bca9     0x2394 ./Middlewares/MotorControl/r3_1_f4xx_pwm_curr_fdbk.o
 .debug_line    0x000000000002e03d      0xc36 ./Middlewares/MotorControl/r_divider_bus_voltage_sensor.o
 .debug_line    0x000000000002ec73      0xaf4 ./Middlewares/MotorControl/ramp_ext_mngr.o
 .debug_line    0x000000000002f767      0xa46 ./Middlewares/MotorControl/speed_pos_fdbk.o
 .debug_line    0x00000000000301ad      0xcf0 ./Middlewares/MotorControl/speed_torq_ctrl.o
 .debug_line    0x0000000000030e9d      0xb08 ./Middlewares/MotorControl/state_machine.o
 .debug_line    0x00000000000319a5      0xdfe ./Middlewares/MotorControl/usart_frame_communication_protocol.o

.debug_info     0x0000000000000000    0x3e075
 .debug_info    0x0000000000000000       0x22 ./Application/Startup/startup_stm32f401retx.o
 .debug_info    0x0000000000000022     0x2ae7 ./Application/User/main.o
 .debug_info    0x0000000000002b09      0xfb7 ./Application/User/mc_api.o
 .debug_info    0x0000000000003ac0     0x32ca ./Application/User/mc_config.o
 .debug_info    0x0000000000006d8a     0x1265 ./Application/User/mc_interface.o
 .debug_info    0x0000000000007fef      0x68b ./Application/User/mc_math.o
 .debug_info    0x000000000000867a      0x5f5 ./Application/User/mc_parameters.o
 .debug_info    0x0000000000008c6f     0x405a ./Application/User/mc_tasks.o
 .debug_info    0x000000000000ccc9     0x3ad9 ./Application/User/motor_control_protocol.o
 .debug_info    0x00000000000107a2     0x2903 ./Application/User/motorcontrol.o
 .debug_info    0x00000000000130a5      0xa47 ./Application/User/regular_conversion_manager.o
 .debug_info    0x0000000000013aec     0x1710 ./Application/User/stm32f4xx_hal_msp.o
 .debug_info    0x00000000000151fc      0xa2a ./Application/User/stm32f4xx_it.o
 .debug_info    0x0000000000015c26     0x3723 ./Application/User/stm32f4xx_mc_it.o
 .debug_info    0x0000000000019349     0x2eeb ./Application/User/ui_task.o
 .debug_info    0x000000000001c234     0x3bb9 ./Application/User/user_interface.o
 .debug_info    0x000000000001fded      0x568 ./Drivers/CMSIS/system_stm32f4xx.o
 .debug_info    0x0000000000020355      0x9da ./Drivers/STM32F4xx_HAL_Driver/stm32f4xx_hal.o
 .debug_info    0x0000000000020d2f      0xef7 ./Drivers/STM32F4xx_HAL_Driver/stm32f4xx_hal_adc.o
 .debug_info    0x0000000000021c26      0xce4 ./Drivers/STM32F4xx_HAL_Driver/stm32f4xx_hal_adc_ex.o
 .debug_info    0x000000000002290a     0x1002 ./Drivers/STM32F4xx_HAL_Driver/stm32f4xx_hal_cortex.o
 .debug_info    0x000000000002390c      0xb82 ./Drivers/STM32F4xx_HAL_Driver/stm32f4xx_hal_dma.o
 .debug_info    0x000000000002448e      0x7da ./Drivers/STM32F4xx_HAL_Driver/stm32f4xx_hal_gpio.o
 .debug_info    0x0000000000024c68      0xbad ./Drivers/STM32F4xx_HAL_Driver/stm32f4xx_hal_rcc.o
 .debug_info    0x0000000000025815     0x508e ./Drivers/STM32F4xx_HAL_Driver/stm32f4xx_hal_tim.o